==2102==    at 0x4848899: malloc (in /usr/libexec/valgrind/vgpreload_memcheck-amd64-linux.so)
==2101==    by 0x10DBC5: read_line (shell_loop.c:20)
==2102==    by 0x4AF8ACD: _nc_read_termtype (in /usr/lib/x86_64-linux-gnu/libtinfo.so.6.3)
==2101==    by 0x10B925: get_command_line (shell_loop_utils.c:85)
==2102==    by 0x4AF952A: ??? (in /usr/lib/x86_64-linux-gnu/libtinfo.so.6.3)
==2101==    by 0x10DDAC: shell_loop (shell_loop.c:94)
==2102==    by 0x4AFBC40: ??? (in /usr/lib/x86_64-linux-gnu/libtinfo.so.6.3)
==2101==
==2102==    by 0x4AF96BB: _nc_read_entry2 (in /usr/lib/x86_64-linux-gnu/libtinfo.so.6.3)
==2102==    by 0x4AF9711: ??? (in /usr/lib/x86_64-linux-gnu/libtinfo.so.6.3)
==2102==    by 0x4AF9866: _nc_setupterm (in /usr/lib/x86_64-linux-gnu/libtinfo.so.6.3)
==2101== 15 bytes in 1 blocks are still reachable in loss record 13 of 82
==2102==    by 0x4AFA4C9: tgetent_sp (in /usr/lib/x86_64-linux-gnu/libtinfo.so.6.3)
==2101==    at 0x4848899: malloc (in /usr/libexec/valgrind/vgpreload_memcheck-amd64-linux.so)
==2101==    by 0x495D58E: strdup (strdup.c:42)
==2102==    by 0x48961CD: _rl_init_terminal_io (in /usr/lib/x86_64-linux-gnu/libreadline.so.8.1)
==2101==    by 0x4AF98AE: _nc_setupterm (in /usr/lib/x86_64-linux-gnu/libtinfo.so.6.3)
==2102==    by 0x4882A0F: rl_initialize (in /usr/lib/x86_64-linux-gnu/libreadline.so.8.1)
==2102==    by 0x4882CD4: readline (in /usr/lib/x86_64-linux-gnu/libreadline.so.8.1)
==2101==    by 0x4AFA4C9: tgetent_sp (in /usr/lib/x86_64-linux-gnu/libtinfo.so.6.3)
==2102==    by 0x10DBC5: read_line (shell_loop.c:20)
==2101==    by 0x48961CD: _rl_init_terminal_io (in /usr/lib/x86_64-linux-gnu/libreadline.so.8.1)
==2102==
==2101==    by 0x4882A0F: rl_initialize (in /usr/lib/x86_64-linux-gnu/libreadline.so.8.1)
==2101==    by 0x4882CD4: readline (in /usr/lib/x86_64-linux-gnu/libreadline.so.8.1)
==2101==    by 0x10DBC5: read_line (shell_loop.c:20)
==2102== 2,032 bytes in 1 blocks are still reachable in loss record 51 of 78
==2101==    by 0x10B925: get_command_line (shell_loop_utils.c:85)
==2101==    by 0x10DDAC: shell_loop (shell_loop.c:94)
==2102==    at 0x4848899: malloc (in /usr/libexec/valgrind/vgpreload_memcheck-amd64-linux.so)
==2101==    by 0x10DEA8: main (main.c:23)
==2102==    by 0x489ABAC: xmalloc (in /usr/lib/x86_64-linux-gnu/libreadline.so.8.1)
==2101==
==2102==    by 0x4896419: _rl_init_terminal_io (in /usr/lib/x86_64-linux-gnu/libreadline.so.8.1)
==2102==    by 0x4882A0F: rl_initialize (in /usr/lib/x86_64-linux-gnu/libreadline.so.8.1)
==2101== 16 bytes in 1 blocks are still reachable in loss record 14 of 82
==2102==    by 0x4882CD4: readline (in /usr/lib/x86_64-linux-gnu/libreadline.so.8.1)
==2101==    at 0x4848899: malloc (in /usr/libexec/valgrind/vgpreload_memcheck-amd64-linux.so)
==2102==    by 0x10DBC5: read_line (shell_loop.c:20)
==2101==    by 0x4882B26: rl_initialize (in /usr/lib/x86_64-linux-gnu/libreadline.so.8.1)
==2102==    by 0x10B925: get_command_line (shell_loop_utils.c:85)
==2101==    by 0x4882CD4: readline (in /usr/lib/x86_64-linux-gnu/libreadline.so.8.1)
==2101==    by 0x10DBC5: read_line (shell_loop.c:20)
==2102==    by 0x10DDAC: shell_loop (shell_loop.c:94)
==2101==    by 0x10B925: get_command_line (shell_loop_utils.c:85)
==2102==    by 0x10DEA8: main (main.c:23)
==2101==    by 0x10DDAC: shell_loop (shell_loop.c:94)
==2102==
==2101==    by 0x10DEA8: main (main.c:23)
==2101==
==2102== 2,240 bytes in 140 blocks are still reachable in loss record 52 of 78
==2101== 20 bytes in 1 blocks are still reachable in loss record 15 of 82
==2102==    at 0x4848899: malloc (in /usr/libexec/valgrind/vgpreload_memcheck-amd64-linux.so)
==2101==    at 0x4848899: malloc (in /usr/libexec/valgrind/vgpreload_memcheck-amd64-linux.so)
==2102==    by 0x489ABAC: xmalloc (in /usr/lib/x86_64-linux-gnu/libreadline.so.8.1)
==2101==    by 0x489ABAC: xmalloc (in /usr/lib/x86_64-linux-gnu/libreadline.so.8.1)
==2102==    by 0x4878822: rl_add_funmap_entry (in /usr/lib/x86_64-linux-gnu/libreadline.so.8.1)
==2101==    by 0x4885D8B: ??? (in /usr/lib/x86_64-linux-gnu/libreadline.so.8.1)
==2102==    by 0x48788C8: rl_initialize_funmap (in /usr/lib/x86_64-linux-gnu/libreadline.so.8.1)
==2101==    by 0x48886C9: rl_parse_and_bind (in /usr/lib/x86_64-linux-gnu/libreadline.so.8.1)
==2102==    by 0x4882A2C: rl_initialize (in /usr/lib/x86_64-linux-gnu/libreadline.so.8.1)
==2101==    by 0x4888B6C: ??? (in /usr/lib/x86_64-linux-gnu/libreadline.so.8.1)
==2102==    by 0x4882CD4: readline (in /usr/lib/x86_64-linux-gnu/libreadline.so.8.1)
==2102==    by 0x10DBC5: read_line (shell_loop.c:20)
==2101==    by 0x4882A38: rl_initialize (in /usr/lib/x86_64-linux-gnu/libreadline.so.8.1)
==2102==    by 0x10B925: get_command_line (shell_loop_utils.c:85)
==2101==    by 0x4882CD4: readline (in /usr/lib/x86_64-linux-gnu/libreadline.so.8.1)
==2102==    by 0x10DDAC: shell_loop (shell_loop.c:94)
==2101==    by 0x10DBC5: read_line (shell_loop.c:20)
==2102==    by 0x10DEA8: main (main.c:23)
==2102==
==2101==    by 0x10B925: get_command_line (shell_loop_utils.c:85)
==2101==    by 0x10DDAC: shell_loop (shell_loop.c:94)
==2101==    by 0x10DEA8: main (main.c:23)
==2101==
==2102== 2,950 bytes in 25 blocks are still reachable in loss record 53 of 78
==2101== 23 bytes in 1 blocks are still reachable in loss record 16 of 82
==2101==    at 0x4848899: malloc (in /usr/libexec/valgrind/vgpreload_memcheck-amd64-linux.so)
==2102==    at 0x4848899: malloc (in /usr/libexec/valgrind/vgpreload_memcheck-amd64-linux.so)
==2102==    by 0x11026F: ft_strdup (in /mnt/c/users/Yuntian/Documents/42_minishell/minishell)
==2101==    by 0x4AEF624: _nc_home_terminfo (in /usr/lib/x86_64-linux-gnu/libtinfo.so.6.3)
==2102==    by 0x10AA98: init_env (init_builtin.c:76)
==2101==    by 0x4AEFBE2: _nc_first_db (in /usr/lib/x86_64-linux-gnu/libtinfo.so.6.3)
==2101==    by 0x4AF9696: _nc_read_entry2 (in /usr/lib/x86_64-linux-gnu/libtinfo.so.6.3)
==2102==    by 0x10DE9C: main (main.c:22)
==2102==
==2101==    by 0x4AF9711: ??? (in /usr/lib/x86_64-linux-gnu/libtinfo.so.6.3)
==2101==    by 0x4AF9866: _nc_setupterm (in /usr/lib/x86_64-linux-gnu/libtinfo.so.6.3)
==2101==    by 0x4AFA4C9: tgetent_sp (in /usr/lib/x86_64-linux-gnu/libtinfo.so.6.3)
==2102== 3,904 bytes in 1 blocks are still reachable in loss record 54 of 78
==2101==    by 0x48961CD: _rl_init_terminal_io (in /usr/lib/x86_64-linux-gnu/libreadline.so.8.1)
==2102==    at 0x484DCD3: realloc (in /usr/libexec/valgrind/vgpreload_memcheck-amd64-linux.so)
==2101==    by 0x4882A0F: rl_initialize (in /usr/lib/x86_64-linux-gnu/libreadline.so.8.1)
==2102==    by 0x4AEE6CC: _nc_doalloc (in /usr/lib/x86_64-linux-gnu/libtinfo.so.6.3)
==2101==    by 0x4882CD4: readline (in /usr/lib/x86_64-linux-gnu/libreadline.so.8.1)
==2102==    by 0x4AF91B5: _nc_read_termtype (in /usr/lib/x86_64-linux-gnu/libtinfo.so.6.3)
==2102==    by 0x4AF952A: ??? (in /usr/lib/x86_64-linux-gnu/libtinfo.so.6.3)
==2101==    by 0x10DBC5: read_line (shell_loop.c:20)
==2102==    by 0x4AFBC40: ??? (in /usr/lib/x86_64-linux-gnu/libtinfo.so.6.3)
==2101==    by 0x10B925: get_command_line (shell_loop_utils.c:85)
==2101==
==2102==    by 0x4AF96BB: _nc_read_entry2 (in /usr/lib/x86_64-linux-gnu/libtinfo.so.6.3)
==2101== 24 bytes in 1 blocks are still reachable in loss record 17 of 82
==2102==    by 0x4AF9711: ??? (in /usr/lib/x86_64-linux-gnu/libtinfo.so.6.3)
==2102==    by 0x4AF9866: _nc_setupterm (in /usr/lib/x86_64-linux-gnu/libtinfo.so.6.3)
==2101==    at 0x4848899: malloc (in /usr/libexec/valgrind/vgpreload_memcheck-amd64-linux.so)
==2102==    by 0x4AFA4C9: tgetent_sp (in /usr/lib/x86_64-linux-gnu/libtinfo.so.6.3)
==2101==    by 0x49D4F34: tsearch (tsearch.c:337)
==2102==    by 0x48961CD: _rl_init_terminal_io (in /usr/lib/x86_64-linux-gnu/libreadline.so.8.1)
==2101==    by 0x4AF1D6E: ??? (in /usr/lib/x86_64-linux-gnu/libtinfo.so.6.3)
==2102==    by 0x4882A0F: rl_initialize (in /usr/lib/x86_64-linux-gnu/libreadline.so.8.1)
==2101==    by 0x4AF5098: _nc_tiparm (in /usr/lib/x86_64-linux-gnu/libtinfo.so.6.3)
==2101==    by 0x4AFBC7D: ??? (in /usr/lib/x86_64-linux-gnu/libtinfo.so.6.3)
==2102==    by 0x4882CD4: readline (in /usr/lib/x86_64-linux-gnu/libreadline.so.8.1)
==2101==    by 0x4AFBD09: _nc_trim_sgr0 (in /usr/lib/x86_64-linux-gnu/libtinfo.so.6.3)
==2102==
==2101==    by 0x4AFA6A8: tgetent_sp (in /usr/lib/x86_64-linux-gnu/libtinfo.so.6.3)
==2102== 3,904 bytes in 1 blocks are still reachable in loss record 55 of 78
==2101==    by 0x48961CD: _rl_init_terminal_io (in /usr/lib/x86_64-linux-gnu/libreadline.so.8.1)
==2102==    at 0x4848899: malloc (in /usr/libexec/valgrind/vgpreload_memcheck-amd64-linux.so)
==2101==    by 0x4882A0F: rl_initialize (in /usr/lib/x86_64-linux-gnu/libreadline.so.8.1)
==2102==    by 0x4AEDFFF: ??? (in /usr/lib/x86_64-linux-gnu/libtinfo.so.6.3)
==2101==    by 0x4882CD4: readline (in /usr/lib/x86_64-linux-gnu/libreadline.so.8.1)
==2102==    by 0x4AF987D: _nc_setupterm (in /usr/lib/x86_64-linux-gnu/libtinfo.so.6.3)
==2101==    by 0x10DBC5: read_line (shell_loop.c:20)
==2101==    by 0x10B925: get_command_line (shell_loop_utils.c:85)
==2102==    by 0x4AFA4C9: tgetent_sp (in /usr/lib/x86_64-linux-gnu/libtinfo.so.6.3)
==2101==
==2102==    by 0x48961CD: _rl_init_terminal_io (in /usr/lib/x86_64-linux-gnu/libreadline.so.8.1)
==2102==    by 0x4882A0F: rl_initialize (in /usr/lib/x86_64-linux-gnu/libreadline.so.8.1)
==2101== 32 bytes in 5 blocks are still reachable in loss record 18 of 82
==2102==    by 0x4882CD4: readline (in /usr/lib/x86_64-linux-gnu/libreadline.so.8.1)
==2102==    by 0x10DBC5: read_line (shell_loop.c:20)
==2101==    at 0x4848899: malloc (in /usr/libexec/valgrind/vgpreload_memcheck-amd64-linux.so)
==2102==    by 0x10B925: get_command_line (shell_loop_utils.c:85)
==2101==    by 0x1102F6: ft_strjoin (in /mnt/c/users/Yuntian/Documents/42_minishell/minishell)
==2102==    by 0x10DDAC: shell_loop (shell_loop.c:94)
==2102==    by 0x10DEA8: main (main.c:23)
==2101==    by 0x10E8D7: handle_regular_char (expander_utils.c:28)
==2102==
==2101==    by 0x10E7A0: expand_var_instr (expander.c:72)
==2102== 4,016 bytes in 1 blocks are still reachable in loss record 56 of 78
==2101==    by 0x10E855: expand_tokens (expander.c:105)
==2102==    at 0x4848899: malloc (in /usr/libexec/valgrind/vgpreload_memcheck-amd64-linux.so)
==2102==    by 0x489ABAC: xmalloc (in /usr/lib/x86_64-linux-gnu/libreadline.so.8.1)
==2101==    by 0x10DD6E: process_command_line (shell_loop.c:71)
==2101==    by 0x10DDD9: shell_loop (shell_loop.c:98)
==2102==    by 0x4893FD6: add_history (in /usr/lib/x86_64-linux-gnu/libreadline.so.8.1)
==2101==    by 0x10DEA8: main (main.c:23)
==2102==    by 0x10DD3D: process_command_line (shell_loop.c:67)
==2101==
==2102==    by 0x10DDD9: shell_loop (shell_loop.c:98)
==2102==    by 0x10DEA8: main (main.c:23)
==2101== 32 bytes in 5 blocks are still reachable in loss record 19 of 82
==2102==
==2101==    at 0x4848899: malloc (in /usr/libexec/valgrind/vgpreload_memcheck-amd64-linux.so)
==2101==    by 0x11026F: ft_strdup (in /mnt/c/users/Yuntian/Documents/42_minishell/minishell)
==2102== 4,080 bytes in 1 blocks are still reachable in loss record 57 of 78
==2101==    by 0x10C450: process_token_word (parse_tokens_utils.c:38)
==2102==    at 0x4848899: malloc (in /usr/libexec/valgrind/vgpreload_memcheck-amd64-linux.so)
==2102==    by 0x489ABAC: xmalloc (in /usr/lib/x86_64-linux-gnu/libreadline.so.8.1)
==2101==    by 0x10BCE9: parse_tokens (loop_util1.c:98)
==2102==    by 0x48963F9: _rl_init_terminal_io (in /usr/lib/x86_64-linux-gnu/libreadline.so.8.1)
==2101==    by 0x10DDF0: shell_loop (shell_loop.c:101)
==2102==    by 0x4882A0F: rl_initialize (in /usr/lib/x86_64-linux-gnu/libreadline.so.8.1)
==2101==    by 0x10DEA8: main (main.c:23)
==2102==    by 0x4882CD4: readline (in /usr/lib/x86_64-linux-gnu/libreadline.so.8.1)
==2101==
==2102==    by 0x10DBC5: read_line (shell_loop.c:20)
==2102==    by 0x10B925: get_command_line (shell_loop_utils.c:85)
==2101== 36 bytes in 1 blocks are still reachable in loss record 20 of 82
==2102==    by 0x10DDAC: shell_loop (shell_loop.c:94)
==2101==    at 0x4848899: malloc (in /usr/libexec/valgrind/vgpreload_memcheck-amd64-linux.so)
==2102==    by 0x10DEA8: main (main.c:23)
==2102==
==2101==    by 0x489ABAC: xmalloc (in /usr/lib/x86_64-linux-gnu/libreadline.so.8.1)
==2101==    by 0x4878694: readline_internal_teardown (in /usr/lib/x86_64-linux-gnu/libreadline.so.8.1)
==2102== 4,112 bytes in 1 blocks are still reachable in loss record 58 of 78
==2102==    at 0x4848899: malloc (in /usr/libexec/valgrind/vgpreload_memcheck-amd64-linux.so)
==2102==    by 0x489ABAC: xmalloc (in /usr/lib/x86_64-linux-gnu/libreadline.so.8.1)
==2102==    by 0x4877251: rl_make_bare_keymap (in /usr/lib/x86_64-linux-gnu/libreadline.so.8.1)
==2101==    by 0x4882D2A: readline (in /usr/lib/x86_64-linux-gnu/libreadline.so.8.1)
==2102==    by 0x4877B6A: rl_generic_bind (in /usr/lib/x86_64-linux-gnu/libreadline.so.8.1)
==2102==    by 0x488275D: rl_bind_keyseq_if_unbound_in_map (in /usr/lib/x86_64-linux-gnu/libreadline.so.8.1)
==2101==    by 0x10DBC5: read_line (shell_loop.c:20)
==2102==    by 0x4895DD5: ??? (in /usr/lib/x86_64-linux-gnu/libreadline.so.8.1)
==2101==    by 0x10B925: get_command_line (shell_loop_utils.c:85)
==2102==    by 0x489631F: _rl_init_terminal_io (in /usr/lib/x86_64-linux-gnu/libreadline.so.8.1)
==2101==    by 0x10DDAC: shell_loop (shell_loop.c:94)
==2102==    by 0x4882A0F: rl_initialize (in /usr/lib/x86_64-linux-gnu/libreadline.so.8.1)
==2101==    by 0x10DEA8: main (main.c:23)
==2101==
==2102==    by 0x4882CD4: readline (in /usr/lib/x86_64-linux-gnu/libreadline.so.8.1)
==2102==    by 0x10DBC5: read_line (shell_loop.c:20)
==2102==    by 0x10B925: get_command_line (shell_loop_utils.c:85)
==2101== 46 bytes in 1 blocks are still reachable in loss record 21 of 82
==2102==    by 0x10DDAC: shell_loop (shell_loop.c:94)
==2102==
==2101==    at 0x484DCD3: realloc (in /usr/libexec/valgrind/vgpreload_memcheck-amd64-linux.so)
==2102== 4,112 bytes in 1 blocks are still reachable in loss record 59 of 78
==2101==    by 0x4AEE6CC: _nc_doalloc (in /usr/lib/x86_64-linux-gnu/libtinfo.so.6.3)
==2102==    at 0x4848899: malloc (in /usr/libexec/valgrind/vgpreload_memcheck-amd64-linux.so)
==2102==    by 0x489ABAC: xmalloc (in /usr/lib/x86_64-linux-gnu/libreadline.so.8.1)
==2101==    by 0x4AF916F: _nc_read_termtype (in /usr/lib/x86_64-linux-gnu/libtinfo.so.6.3)
==2102==    by 0x4877251: rl_make_bare_keymap (in /usr/lib/x86_64-linux-gnu/libreadline.so.8.1)
==2101==    by 0x4AF952A: ??? (in /usr/lib/x86_64-linux-gnu/libtinfo.so.6.3)
==2102==    by 0x4877B6A: rl_generic_bind (in /usr/lib/x86_64-linux-gnu/libreadline.so.8.1)
==2101==    by 0x4AFBC40: ??? (in /usr/lib/x86_64-linux-gnu/libtinfo.so.6.3)
==2102==    by 0x488275D: rl_bind_keyseq_if_unbound_in_map (in /usr/lib/x86_64-linux-gnu/libreadline.so.8.1)
==2101==    by 0x4AF96BB: _nc_read_entry2 (in /usr/lib/x86_64-linux-gnu/libtinfo.so.6.3)
==2102==    by 0x4895E5A: ??? (in /usr/lib/x86_64-linux-gnu/libreadline.so.8.1)
==2101==    by 0x4AF9711: ??? (in /usr/lib/x86_64-linux-gnu/libtinfo.so.6.3)
==2102==    by 0x489631F: _rl_init_terminal_io (in /usr/lib/x86_64-linux-gnu/libreadline.so.8.1)
==2101==    by 0x4AF9866: _nc_setupterm (in /usr/lib/x86_64-linux-gnu/libtinfo.so.6.3)
==2102==    by 0x4882A0F: rl_initialize (in /usr/lib/x86_64-linux-gnu/libreadline.so.8.1)
==2101==    by 0x4AFA4C9: tgetent_sp (in /usr/lib/x86_64-linux-gnu/libtinfo.so.6.3)
==2102==    by 0x4882CD4: readline (in /usr/lib/x86_64-linux-gnu/libreadline.so.8.1)
==2101==    by 0x48961CD: _rl_init_terminal_io (in /usr/lib/x86_64-linux-gnu/libreadline.so.8.1)
==2102==    by 0x10DBC5: read_line (shell_loop.c:20)
==2101==    by 0x4882A0F: rl_initialize (in /usr/lib/x86_64-linux-gnu/libreadline.so.8.1)
==2102==    by 0x10B925: get_command_line (shell_loop_utils.c:85)
==2101==    by 0x4882CD4: readline (in /usr/lib/x86_64-linux-gnu/libreadline.so.8.1)
==2102==    by 0x10DDAC: shell_loop (shell_loop.c:94)
==2101==
==2102==
==2101== 46 bytes in 1 blocks are still reachable in loss record 22 of 82
==2101==    at 0x4848899: malloc (in /usr/libexec/valgrind/vgpreload_memcheck-amd64-linux.so)
==2101==    by 0x4AEDFDE: ??? (in /usr/lib/x86_64-linux-gnu/libtinfo.so.6.3)
==2102== 4,112 bytes in 1 blocks are still reachable in loss record 60 of 78
==2101==    by 0x4AF987D: _nc_setupterm (in /usr/lib/x86_64-linux-gnu/libtinfo.so.6.3)
==2101==    by 0x4AFA4C9: tgetent_sp (in /usr/lib/x86_64-linux-gnu/libtinfo.so.6.3)
==2102==    at 0x4848899: malloc (in /usr/libexec/valgrind/vgpreload_memcheck-amd64-linux.so)
==2102==    by 0x489ABAC: xmalloc (in /usr/lib/x86_64-linux-gnu/libreadline.so.8.1)
==2101==    by 0x48961CD: _rl_init_terminal_io (in /usr/lib/x86_64-linux-gnu/libreadline.so.8.1)
==2102==    by 0x4877251: rl_make_bare_keymap (in /usr/lib/x86_64-linux-gnu/libreadline.so.8.1)
==2101==    by 0x4882A0F: rl_initialize (in /usr/lib/x86_64-linux-gnu/libreadline.so.8.1)
==2102==    by 0x4877B6A: rl_generic_bind (in /usr/lib/x86_64-linux-gnu/libreadline.so.8.1)
==2102==    by 0x488275D: rl_bind_keyseq_if_unbound_in_map (in /usr/lib/x86_64-linux-gnu/libreadline.so.8.1)
==2102==    by 0x4895E5A: ??? (in /usr/lib/x86_64-linux-gnu/libreadline.so.8.1)
==2102==    by 0x489632B: _rl_init_terminal_io (in /usr/lib/x86_64-linux-gnu/libreadline.so.8.1)
==2102==    by 0x4882A0F: rl_initialize (in /usr/lib/x86_64-linux-gnu/libreadline.so.8.1)
==2102==    by 0x4882CD4: readline (in /usr/lib/x86_64-linux-gnu/libreadline.so.8.1)
==2101==    by 0x4882CD4: readline (in /usr/lib/x86_64-linux-gnu/libreadline.so.8.1)
==2102==    by 0x10DBC5: read_line (shell_loop.c:20)
==2101==    by 0x10DBC5: read_line (shell_loop.c:20)
==2102==    by 0x10B925: get_command_line (shell_loop_utils.c:85)
==2101==    by 0x10B925: get_command_line (shell_loop_utils.c:85)
==2102==    by 0x10DDAC: shell_loop (shell_loop.c:94)
==2101==    by 0x10DDAC: shell_loop (shell_loop.c:94)
==2102==
==2101==    by 0x10DEA8: main (main.c:23)
==2101==
==2102== 4,112 bytes in 1 blocks are still reachable in loss record 61 of 78
==2102==    at 0x4848899: malloc (in /usr/libexec/valgrind/vgpreload_memcheck-amd64-linux.so)
==2101== 48 bytes in 1 blocks are still reachable in loss record 23 of 82
==2102==    by 0x489ABAC: xmalloc (in /usr/lib/x86_64-linux-gnu/libreadline.so.8.1)
==2102==    by 0x4877251: rl_make_bare_keymap (in /usr/lib/x86_64-linux-gnu/libreadline.so.8.1)
==2101==    at 0x484DA83: calloc (in /usr/libexec/valgrind/vgpreload_memcheck-amd64-linux.so)
==2102==    by 0x4877B6A: rl_generic_bind (in /usr/lib/x86_64-linux-gnu/libreadline.so.8.1)
==2101==    by 0x4AEF833: _nc_first_db (in /usr/lib/x86_64-linux-gnu/libtinfo.so.6.3)
==2102==    by 0x488275D: rl_bind_keyseq_if_unbound_in_map (in /usr/lib/x86_64-linux-gnu/libreadline.so.8.1)
==2101==    by 0x4AF9696: _nc_read_entry2 (in /usr/lib/x86_64-linux-gnu/libtinfo.so.6.3)
==2102==    by 0x4895E5A: ??? (in /usr/lib/x86_64-linux-gnu/libreadline.so.8.1)
==2101==    by 0x4AF9711: ??? (in /usr/lib/x86_64-linux-gnu/libtinfo.so.6.3)
==2102==    by 0x4896337: _rl_init_terminal_io (in /usr/lib/x86_64-linux-gnu/libreadline.so.8.1)
==2101==    by 0x4AF9866: _nc_setupterm (in /usr/lib/x86_64-linux-gnu/libtinfo.so.6.3)
==2102==    by 0x4882A0F: rl_initialize (in /usr/lib/x86_64-linux-gnu/libreadline.so.8.1)
==2101==    by 0x4AFA4C9: tgetent_sp (in /usr/lib/x86_64-linux-gnu/libtinfo.so.6.3)
==2102==    by 0x4882CD4: readline (in /usr/lib/x86_64-linux-gnu/libreadline.so.8.1)
==2101==    by 0x48961CD: _rl_init_terminal_io (in /usr/lib/x86_64-linux-gnu/libreadline.so.8.1)
==2102==    by 0x10DBC5: read_line (shell_loop.c:20)
==2101==    by 0x4882A0F: rl_initialize (in /usr/lib/x86_64-linux-gnu/libreadline.so.8.1)
==2102==    by 0x10B925: get_command_line (shell_loop_utils.c:85)
==2101==    by 0x4882CD4: readline (in /usr/lib/x86_64-linux-gnu/libreadline.so.8.1)
==2102==    by 0x10DDAC: shell_loop (shell_loop.c:94)
==2102==
==2101==    by 0x10DBC5: read_line (shell_loop.c:20)
==2101==    by 0x10B925: get_command_line (shell_loop_utils.c:85)
==2102== 4,112 bytes in 1 blocks are still reachable in loss record 62 of 78
==2102==    at 0x4848899: malloc (in /usr/libexec/valgrind/vgpreload_memcheck-amd64-linux.so)
==2101==    by 0x10DDAC: shell_loop (shell_loop.c:94)
==2102==    by 0x489ABAC: xmalloc (in /usr/lib/x86_64-linux-gnu/libreadline.so.8.1)
==2101==
==2102==    by 0x4877251: rl_make_bare_keymap (in /usr/lib/x86_64-linux-gnu/libreadline.so.8.1)
==2102==    by 0x4877B6A: rl_generic_bind (in /usr/lib/x86_64-linux-gnu/libreadline.so.8.1)
==2101== 48 bytes in 2 blocks are still reachable in loss record 24 of 82
==2102==    by 0x488275D: rl_bind_keyseq_if_unbound_in_map (in /usr/lib/x86_64-linux-gnu/libreadline.so.8.1)
==2101==    at 0x4848899: malloc (in /usr/libexec/valgrind/vgpreload_memcheck-amd64-linux.so)
==2102==    by 0x488294C: ??? (in /usr/lib/x86_64-linux-gnu/libreadline.so.8.1)
==2102==    by 0x4882A84: rl_initialize (in /usr/lib/x86_64-linux-gnu/libreadline.so.8.1)
==2101==    by 0x10C6A4: create_token (token_utils_1.c:48)
==2102==    by 0x4882CD4: readline (in /usr/lib/x86_64-linux-gnu/libreadline.so.8.1)
==2102==    by 0x10DBC5: read_line (shell_loop.c:20)
==2102==    by 0x10B925: get_command_line (shell_loop_utils.c:85)
==2102==    by 0x10DDAC: shell_loop (shell_loop.c:94)
==2102==    by 0x10DEA8: main (main.c:23)
==2102==
==2101==    by 0x10D400: tokenize_util1 (tokenize_utils1.c:63)
==2102== 4,112 bytes in 1 blocks are still reachable in loss record 63 of 78
==2102==    at 0x4848899: malloc (in /usr/libexec/valgrind/vgpreload_memcheck-amd64-linux.so)
==2101==    by 0x10BAE1: tokenize (loop_util1.c:46)
==2102==    by 0x489ABAC: xmalloc (in /usr/lib/x86_64-linux-gnu/libreadline.so.8.1)
==2101==    by 0x10DD49: process_command_line (shell_loop.c:68)
==2102==    by 0x4877251: rl_make_bare_keymap (in /usr/lib/x86_64-linux-gnu/libreadline.so.8.1)
==2101==    by 0x10DDD9: shell_loop (shell_loop.c:98)
==2102==    by 0x4877B6A: rl_generic_bind (in /usr/lib/x86_64-linux-gnu/libreadline.so.8.1)
==2101==    by 0x10DEA8: main (main.c:23)
==2102==    by 0x488275D: rl_bind_keyseq_if_unbound_in_map (in /usr/lib/x86_64-linux-gnu/libreadline.so.8.1)
==2101==
==2102==    by 0x488294C: ??? (in /usr/lib/x86_64-linux-gnu/libreadline.so.8.1)
==2101== 72 bytes in 1 blocks are still reachable in loss record 25 of 82
==2102==    by 0x4882A93: rl_initialize (in /usr/lib/x86_64-linux-gnu/libreadline.so.8.1)
==2101==    at 0x4848899: malloc (in /usr/libexec/valgrind/vgpreload_memcheck-amd64-linux.so)
==2102==    by 0x4882CD4: readline (in /usr/lib/x86_64-linux-gnu/libreadline.so.8.1)
==2101==    by 0x110215: ft_calloc (in /mnt/c/users/Yuntian/Documents/42_minishell/minishell)
==2102==    by 0x10DBC5: read_line (shell_loop.c:20)
==2101==    by 0x10BF41: create_new_cmd (cmd_utils.c:20)
==2102==    by 0x10B925: get_command_line (shell_loop_utils.c:85)
==2101==    by 0x10C375: create_new_command (parse_tokens_utils.c:20)
==2102==    by 0x10DDAC: shell_loop (shell_loop.c:94)
==2101==    by 0x10BCA3: parse_tokens (loop_util1.c:94)
==2102==    by 0x10DEA8: main (main.c:23)
==2102==
==2101==    by 0x10DDF0: shell_loop (shell_loop.c:101)
==2101==    by 0x10DEA8: main (main.c:23)
==2101==
==2102== 4,112 bytes in 1 blocks are still reachable in loss record 64 of 78
==2101== 78 bytes in 1 blocks are still reachable in loss record 26 of 82
==2101==    at 0x4848899: malloc (in /usr/libexec/valgrind/vgpreload_memcheck-amd64-linux.so)
==2102==    at 0x4848899: malloc (in /usr/libexec/valgrind/vgpreload_memcheck-amd64-linux.so)
==2101==    by 0x4AEE04B: ??? (in /usr/lib/x86_64-linux-gnu/libtinfo.so.6.3)
==2101==    by 0x4AF987D: _nc_setupterm (in /usr/lib/x86_64-linux-gnu/libtinfo.so.6.3)
==2102==    by 0x489ABAC: xmalloc (in /usr/lib/x86_64-linux-gnu/libreadline.so.8.1)
==2101==    by 0x4AFA4C9: tgetent_sp (in /usr/lib/x86_64-linux-gnu/libtinfo.so.6.3)
==2102==    by 0x4877251: rl_make_bare_keymap (in /usr/lib/x86_64-linux-gnu/libreadline.so.8.1)
==2101==    by 0x48961CD: _rl_init_terminal_io (in /usr/lib/x86_64-linux-gnu/libreadline.so.8.1)
==2102==    by 0x4877B6A: rl_generic_bind (in /usr/lib/x86_64-linux-gnu/libreadline.so.8.1)
==2101==    by 0x4882A0F: rl_initialize (in /usr/lib/x86_64-linux-gnu/libreadline.so.8.1)
==2102==    by 0x488275D: rl_bind_keyseq_if_unbound_in_map (in /usr/lib/x86_64-linux-gnu/libreadline.so.8.1)
==2101==    by 0x4882CD4: readline (in /usr/lib/x86_64-linux-gnu/libreadline.so.8.1)
==2102==    by 0x488294C: ??? (in /usr/lib/x86_64-linux-gnu/libreadline.so.8.1)
==2101==    by 0x10DBC5: read_line (shell_loop.c:20)
==2102==    by 0x4882AB8: rl_initialize (in /usr/lib/x86_64-linux-gnu/libreadline.so.8.1)
==2101==    by 0x10B925: get_command_line (shell_loop_utils.c:85)
==2102==    by 0x4882CD4: readline (in /usr/lib/x86_64-linux-gnu/libreadline.so.8.1)
==2102==    by 0x10DBC5: read_line (shell_loop.c:20)
==2101==    by 0x10DDAC: shell_loop (shell_loop.c:94)
==2102==    by 0x10B925: get_command_line (shell_loop_utils.c:85)
==2101==    by 0x10DEA8: main (main.c:23)
==2102==    by 0x10DDAC: shell_loop (shell_loop.c:94)
==2101==
==2102==    by 0x10DEA8: main (main.c:23)
==2102==
==2101== 92 bytes in 1 blocks are still reachable in loss record 27 of 82
==2102== 7,952 bytes in 1 blocks are still reachable in loss record 65 of 78
==2102==    at 0x484DA83: calloc (in /usr/libexec/valgrind/vgpreload_memcheck-amd64-linux.so)
==2101==    at 0x4848899: malloc (in /usr/libexec/valgrind/vgpreload_memcheck-amd64-linux.so)
==2102==    by 0x4AECC97: ??? (in /usr/lib/x86_64-linux-gnu/libtinfo.so.6.3)
==2101==    by 0x4AEF79A: _nc_first_db (in /usr/lib/x86_64-linux-gnu/libtinfo.so.6.3)
==2102==    by 0x4AEE3AF: _nc_find_type_entry (in /usr/lib/x86_64-linux-gnu/libtinfo.so.6.3)
==2101==    by 0x4AF9696: _nc_read_entry2 (in /usr/lib/x86_64-linux-gnu/libtinfo.so.6.3)
==2101==    by 0x4AF9711: ??? (in /usr/lib/x86_64-linux-gnu/libtinfo.so.6.3)
==2102==    by 0x4AF0E4C: tgetstr_sp (in /usr/lib/x86_64-linux-gnu/libtinfo.so.6.3)
==2101==    by 0x4AF9866: _nc_setupterm (in /usr/lib/x86_64-linux-gnu/libtinfo.so.6.3)
==2102==    by 0x489621A: _rl_init_terminal_io (in /usr/lib/x86_64-linux-gnu/libreadline.so.8.1)
==2101==    by 0x4AFA4C9: tgetent_sp (in /usr/lib/x86_64-linux-gnu/libtinfo.so.6.3)
==2102==    by 0x4882A0F: rl_initialize (in /usr/lib/x86_64-linux-gnu/libreadline.so.8.1)
==2102==    by 0x4882CD4: readline (in /usr/lib/x86_64-linux-gnu/libreadline.so.8.1)
==2101==    by 0x48961CD: _rl_init_terminal_io (in /usr/lib/x86_64-linux-gnu/libreadline.so.8.1)
==2102==    by 0x10DBC5: read_line (shell_loop.c:20)
==2101==    by 0x4882A0F: rl_initialize (in /usr/lib/x86_64-linux-gnu/libreadline.so.8.1)
==2102==    by 0x10B925: get_command_line (shell_loop_utils.c:85)
==2101==    by 0x4882CD4: readline (in /usr/lib/x86_64-linux-gnu/libreadline.so.8.1)
==2102==    by 0x10DDAC: shell_loop (shell_loop.c:94)
==2101==    by 0x10DBC5: read_line (shell_loop.c:20)
==2102==    by 0x10DEA8: main (main.c:23)
==2102==
==2101==    by 0x10B925: get_command_line (shell_loop_utils.c:85)
==2101==    by 0x10DDAC: shell_loop (shell_loop.c:94)
==2101==
==2102== 8,224 bytes in 2 blocks are still reachable in loss record 66 of 78
==2101== 93 bytes in 1 blocks are still reachable in loss record 28 of 82
==2101==    at 0x4848899: malloc (in /usr/libexec/valgrind/vgpreload_memcheck-amd64-linux.so)
==2102==    at 0x4848899: malloc (in /usr/libexec/valgrind/vgpreload_memcheck-amd64-linux.so)
==2101==    by 0x495D58E: strdup (strdup.c:42)
==2102==    by 0x489ABAC: xmalloc (in /usr/lib/x86_64-linux-gnu/libreadline.so.8.1)
==2101==    by 0x4AF1D54: ??? (in /usr/lib/x86_64-linux-gnu/libtinfo.so.6.3)
==2101==    by 0x4AF5098: _nc_tiparm (in /usr/lib/x86_64-linux-gnu/libtinfo.so.6.3)
==2102==    by 0x4877251: rl_make_bare_keymap (in /usr/lib/x86_64-linux-gnu/libreadline.so.8.1)
==2101==    by 0x4AFBC7D: ??? (in /usr/lib/x86_64-linux-gnu/libtinfo.so.6.3)
==2102==    by 0x4877B6A: rl_generic_bind (in /usr/lib/x86_64-linux-gnu/libreadline.so.8.1)
==2101==    by 0x4AFBD09: _nc_trim_sgr0 (in /usr/lib/x86_64-linux-gnu/libtinfo.so.6.3)
==2101==    by 0x4AFA6A8: tgetent_sp (in /usr/lib/x86_64-linux-gnu/libtinfo.so.6.3)
==2101==    by 0x48961CD: _rl_init_terminal_io (in /usr/lib/x86_64-linux-gnu/libreadline.so.8.1)
==2102==    by 0x488275D: rl_bind_keyseq_if_unbound_in_map (in /usr/lib/x86_64-linux-gnu/libreadline.so.8.1)
==2101==    by 0x4882A0F: rl_initialize (in /usr/lib/x86_64-linux-gnu/libreadline.so.8.1)
==2102==    by 0x4895E47: ??? (in /usr/lib/x86_64-linux-gnu/libreadline.so.8.1)
==2101==    by 0x4882CD4: readline (in /usr/lib/x86_64-linux-gnu/libreadline.so.8.1)
==2102==    by 0x489631F: _rl_init_terminal_io (in /usr/lib/x86_64-linux-gnu/libreadline.so.8.1)
==2101==    by 0x10DBC5: read_line (shell_loop.c:20)
==2102==    by 0x4882A0F: rl_initialize (in /usr/lib/x86_64-linux-gnu/libreadline.so.8.1)
==2101==    by 0x10B925: get_command_line (shell_loop_utils.c:85)
==2101==
==2102==    by 0x4882CD4: readline (in /usr/lib/x86_64-linux-gnu/libreadline.so.8.1)
==2102==    by 0x10DBC5: read_line (shell_loop.c:20)
==2101== 94 bytes in 1 blocks are still reachable in loss record 29 of 82
==2101==    at 0x4848899: malloc (in /usr/libexec/valgrind/vgpreload_memcheck-amd64-linux.so)
==2102==    by 0x10B925: get_command_line (shell_loop_utils.c:85)
==2101==    by 0x4AF195B: _nc_tparm_analyze (in /usr/lib/x86_64-linux-gnu/libtinfo.so.6.3)
==2101==    by 0x4AF1C62: ??? (in /usr/lib/x86_64-linux-gnu/libtinfo.so.6.3)
==2102==    by 0x10DDAC: shell_loop (shell_loop.c:94)
==2101==    by 0x4AF5098: _nc_tiparm (in /usr/lib/x86_64-linux-gnu/libtinfo.so.6.3)
==2102==
==2101==    by 0x4AFBC7D: ??? (in /usr/lib/x86_64-linux-gnu/libtinfo.so.6.3)
==2101==    by 0x4AFBD09: _nc_trim_sgr0 (in /usr/lib/x86_64-linux-gnu/libtinfo.so.6.3)
==2101==    by 0x4AFA6A8: tgetent_sp (in /usr/lib/x86_64-linux-gnu/libtinfo.so.6.3)
==2101==    by 0x48961CD: _rl_init_terminal_io (in /usr/lib/x86_64-linux-gnu/libreadline.so.8.1)
==2101==    by 0x4882A0F: rl_initialize (in /usr/lib/x86_64-linux-gnu/libreadline.so.8.1)
==2102== 8,224 bytes in 2 blocks are still reachable in loss record 67 of 78
==2101==    by 0x4882CD4: readline (in /usr/lib/x86_64-linux-gnu/libreadline.so.8.1)
==2101==    by 0x10DBC5: read_line (shell_loop.c:20)
==2102==    at 0x4848899: malloc (in /usr/libexec/valgrind/vgpreload_memcheck-amd64-linux.so)
==2101==    by 0x10B925: get_command_line (shell_loop_utils.c:85)
==2101==
==2102==    by 0x489ABAC: xmalloc (in /usr/lib/x86_64-linux-gnu/libreadline.so.8.1)
==2102==    by 0x4877251: rl_make_bare_keymap (in /usr/lib/x86_64-linux-gnu/libreadline.so.8.1)
==2102==    by 0x4877B6A: rl_generic_bind (in /usr/lib/x86_64-linux-gnu/libreadline.so.8.1)
==2101== 96 bytes in 8 blocks are still reachable in loss record 30 of 82
==2102==    by 0x488275D: rl_bind_keyseq_if_unbound_in_map (in /usr/lib/x86_64-linux-gnu/libreadline.so.8.1)
==2101==    at 0x4848899: malloc (in /usr/libexec/valgrind/vgpreload_memcheck-amd64-linux.so)
==2102==    by 0x4895DD5: ??? (in /usr/lib/x86_64-linux-gnu/libreadline.so.8.1)
==2101==    by 0x489ABAC: xmalloc (in /usr/lib/x86_64-linux-gnu/libreadline.so.8.1)
==2102==    by 0x489632B: _rl_init_terminal_io (in /usr/lib/x86_64-linux-gnu/libreadline.so.8.1)
==2101==    by 0x4893F28: add_history (in /usr/lib/x86_64-linux-gnu/libreadline.so.8.1)
==2102==    by 0x4882A0F: rl_initialize (in /usr/lib/x86_64-linux-gnu/libreadline.so.8.1)
==2101==    by 0x10DD3D: process_command_line (shell_loop.c:67)
==2101==    by 0x10DDD9: shell_loop (shell_loop.c:98)
==2102==    by 0x4882CD4: readline (in /usr/lib/x86_64-linux-gnu/libreadline.so.8.1)
==2101==    by 0x10DEA8: main (main.c:23)
==2102==    by 0x10DBC5: read_line (shell_loop.c:20)
==2101==
==2102==    by 0x10B925: get_command_line (shell_loop_utils.c:85)
==2102==    by 0x10DDAC: shell_loop (shell_loop.c:94)
==2101== 120 bytes in 5 blocks are still reachable in loss record 31 of 82
==2102==
==2101==    at 0x4848899: malloc (in /usr/libexec/valgrind/vgpreload_memcheck-amd64-linux.so)
==2101==    by 0x10C6A4: create_token (token_utils_1.c:48)
==2102== 8,224 bytes in 2 blocks are still reachable in loss record 68 of 78
==2101==    by 0x10D0DF: tokenize_util4 (tokenize_utils3.c:122)
==2102==    at 0x4848899: malloc (in /usr/libexec/valgrind/vgpreload_memcheck-amd64-linux.so)
==2101==    by 0x10BB75: tokenize (loop_util1.c:56)
==2102==    by 0x489ABAC: xmalloc (in /usr/lib/x86_64-linux-gnu/libreadline.so.8.1)
==2101==    by 0x10DD49: process_command_line (shell_loop.c:68)
==2101==    by 0x10DDD9: shell_loop (shell_loop.c:98)
==2102==    by 0x4877251: rl_make_bare_keymap (in /usr/lib/x86_64-linux-gnu/libreadline.so.8.1)
==2101==    by 0x10DEA8: main (main.c:23)
==2101==
==2102==    by 0x4877B6A: rl_generic_bind (in /usr/lib/x86_64-linux-gnu/libreadline.so.8.1)
==2101== 123 bytes in 8 blocks are still reachable in loss record 32 of 82
==2101==    at 0x4848899: malloc (in /usr/libexec/valgrind/vgpreload_memcheck-amd64-linux.so)
==2102==    by 0x488275D: rl_bind_keyseq_if_unbound_in_map (in /usr/lib/x86_64-linux-gnu/libreadline.so.8.1)
==2101==    by 0x489ABAC: xmalloc (in /usr/lib/x86_64-linux-gnu/libreadline.so.8.1)
==2102==    by 0x4895E47: ??? (in /usr/lib/x86_64-linux-gnu/libreadline.so.8.1)
==2102==    by 0x489632B: _rl_init_terminal_io (in /usr/lib/x86_64-linux-gnu/libreadline.so.8.1)
==2102==    by 0x4882A0F: rl_initialize (in /usr/lib/x86_64-linux-gnu/libreadline.so.8.1)
==2101==    by 0x4891B39: alloc_history_entry (in /usr/lib/x86_64-linux-gnu/libreadline.so.8.1)
==2102==    by 0x4882CD4: readline (in /usr/lib/x86_64-linux-gnu/libreadline.so.8.1)
==2102==    by 0x10DBC5: read_line (shell_loop.c:20)
==2102==    by 0x10B925: get_command_line (shell_loop_utils.c:85)
==2101==    by 0x4893F65: add_history (in /usr/lib/x86_64-linux-gnu/libreadline.so.8.1)
==2102==    by 0x10DDAC: shell_loop (shell_loop.c:94)
==2102==
==2101==    by 0x10DD3D: process_command_line (shell_loop.c:67)
==2101==    by 0x10DDD9: shell_loop (shell_loop.c:98)
==2101==    by 0x10DEA8: main (main.c:23)
==2102== 8,224 bytes in 2 blocks are still reachable in loss record 69 of 78
==2101==
==2102==    at 0x4848899: malloc (in /usr/libexec/valgrind/vgpreload_memcheck-amd64-linux.so)
==2101== 144 bytes in 2 blocks are still reachable in loss record 33 of 82
==2102==    by 0x489ABAC: xmalloc (in /usr/lib/x86_64-linux-gnu/libreadline.so.8.1)
==2101==    at 0x4848899: malloc (in /usr/libexec/valgrind/vgpreload_memcheck-amd64-linux.so)
==2102==    by 0x4877251: rl_make_bare_keymap (in /usr/lib/x86_64-linux-gnu/libreadline.so.8.1)
==2101==    by 0x110215: ft_calloc (in /mnt/c/users/Yuntian/Documents/42_minishell/minishell)
==2102==    by 0x4877B6A: rl_generic_bind (in /usr/lib/x86_64-linux-gnu/libreadline.so.8.1)
==2101==    by 0x10BF41: create_new_cmd (cmd_utils.c:20)
==2102==    by 0x488275D: rl_bind_keyseq_if_unbound_in_map (in /usr/lib/x86_64-linux-gnu/libreadline.so.8.1)
==2101==    by 0x10BD81: parse_tokens (loop_util1.c:109)
==2102==    by 0x4895DD5: ??? (in /usr/lib/x86_64-linux-gnu/libreadline.so.8.1)
==2101==    by 0x10DDF0: shell_loop (shell_loop.c:101)
==2102==    by 0x4896337: _rl_init_terminal_io (in /usr/lib/x86_64-linux-gnu/libreadline.so.8.1)
==2101==    by 0x10DEA8: main (main.c:23)
==2102==    by 0x4882A0F: rl_initialize (in /usr/lib/x86_64-linux-gnu/libreadline.so.8.1)
==2101==
==2102==    by 0x4882CD4: readline (in /usr/lib/x86_64-linux-gnu/libreadline.so.8.1)
==2102==    by 0x10DBC5: read_line (shell_loop.c:20)
==2102==    by 0x10B925: get_command_line (shell_loop_utils.c:85)
==2101== 156 bytes in 1 blocks are still reachable in loss record 34 of 82
==2102==    by 0x10DDAC: shell_loop (shell_loop.c:94)
==2102==
==2101==    at 0x484DCD3: realloc (in /usr/libexec/valgrind/vgpreload_memcheck-amd64-linux.so)
==2102== 8,224 bytes in 2 blocks are still reachable in loss record 70 of 78
==2101==    by 0x4AEE6CC: _nc_doalloc (in /usr/lib/x86_64-linux-gnu/libtinfo.so.6.3)
==2102==    at 0x4848899: malloc (in /usr/libexec/valgrind/vgpreload_memcheck-amd64-linux.so)
==2102==    by 0x489ABAC: xmalloc (in /usr/lib/x86_64-linux-gnu/libreadline.so.8.1)
==2101==    by 0x4AF9197: _nc_read_termtype (in /usr/lib/x86_64-linux-gnu/libtinfo.so.6.3)
==2102==    by 0x4877251: rl_make_bare_keymap (in /usr/lib/x86_64-linux-gnu/libreadline.so.8.1)
==2101==    by 0x4AF952A: ??? (in /usr/lib/x86_64-linux-gnu/libtinfo.so.6.3)
==2102==    by 0x4877B6A: rl_generic_bind (in /usr/lib/x86_64-linux-gnu/libreadline.so.8.1)
==2101==    by 0x4AFBC40: ??? (in /usr/lib/x86_64-linux-gnu/libtinfo.so.6.3)
==2102==    by 0x488275D: rl_bind_keyseq_if_unbound_in_map (in /usr/lib/x86_64-linux-gnu/libreadline.so.8.1)
==2101==    by 0x4AF96BB: _nc_read_entry2 (in /usr/lib/x86_64-linux-gnu/libtinfo.so.6.3)
==2102==    by 0x4895E47: ??? (in /usr/lib/x86_64-linux-gnu/libreadline.so.8.1)
==2101==    by 0x4AF9711: ??? (in /usr/lib/x86_64-linux-gnu/libtinfo.so.6.3)
==2102==    by 0x4896337: _rl_init_terminal_io (in /usr/lib/x86_64-linux-gnu/libreadline.so.8.1)
==2101==    by 0x4AF9866: _nc_setupterm (in /usr/lib/x86_64-linux-gnu/libtinfo.so.6.3)
==2102==    by 0x4882A0F: rl_initialize (in /usr/lib/x86_64-linux-gnu/libreadline.so.8.1)
==2101==    by 0x4AFA4C9: tgetent_sp (in /usr/lib/x86_64-linux-gnu/libtinfo.so.6.3)
==2102==    by 0x4882CD4: readline (in /usr/lib/x86_64-linux-gnu/libreadline.so.8.1)
==2101==    by 0x48961CD: _rl_init_terminal_io (in /usr/lib/x86_64-linux-gnu/libreadline.so.8.1)
==2102==    by 0x10DBC5: read_line (shell_loop.c:20)
==2101==    by 0x4882A0F: rl_initialize (in /usr/lib/x86_64-linux-gnu/libreadline.so.8.1)
==2102==    by 0x10B925: get_command_line (shell_loop_utils.c:85)
==2102==    by 0x10DDAC: shell_loop (shell_loop.c:94)
==2101==    by 0x4882CD4: readline (in /usr/lib/x86_64-linux-gnu/libreadline.so.8.1)
==2102==
==2101==
==2102== 8,224 bytes in 2 blocks are still reachable in loss record 71 of 78
==2101== 168 bytes in 1 blocks are still reachable in loss record 35 of 82
==2102==    at 0x4848899: malloc (in /usr/libexec/valgrind/vgpreload_memcheck-amd64-linux.so)
==2101==    at 0x484DA83: calloc (in /usr/libexec/valgrind/vgpreload_memcheck-amd64-linux.so)
==2101==    by 0x4AF1CCD: ??? (in /usr/lib/x86_64-linux-gnu/libtinfo.so.6.3)
==2102==    by 0x489ABAC: xmalloc (in /usr/lib/x86_64-linux-gnu/libreadline.so.8.1)
==2102==    by 0x4877251: rl_make_bare_keymap (in /usr/lib/x86_64-linux-gnu/libreadline.so.8.1)
==2101==    by 0x4AF5098: _nc_tiparm (in /usr/lib/x86_64-linux-gnu/libtinfo.so.6.3)
==2102==    by 0x4877B6A: rl_generic_bind (in /usr/lib/x86_64-linux-gnu/libreadline.so.8.1)
==2101==    by 0x4AFBC7D: ??? (in /usr/lib/x86_64-linux-gnu/libtinfo.so.6.3)
==2102==    by 0x488275D: rl_bind_keyseq_if_unbound_in_map (in /usr/lib/x86_64-linux-gnu/libreadline.so.8.1)
==2101==    by 0x4AFBD09: _nc_trim_sgr0 (in /usr/lib/x86_64-linux-gnu/libtinfo.so.6.3)
==2102==    by 0x488293D: ??? (in /usr/lib/x86_64-linux-gnu/libreadline.so.8.1)
==2101==    by 0x4AFA6A8: tgetent_sp (in /usr/lib/x86_64-linux-gnu/libtinfo.so.6.3)
==2102==    by 0x4882A84: rl_initialize (in /usr/lib/x86_64-linux-gnu/libreadline.so.8.1)
==2101==    by 0x48961CD: _rl_init_terminal_io (in /usr/lib/x86_64-linux-gnu/libreadline.so.8.1)
==2102==    by 0x4882CD4: readline (in /usr/lib/x86_64-linux-gnu/libreadline.so.8.1)
==2101==    by 0x4882A0F: rl_initialize (in /usr/lib/x86_64-linux-gnu/libreadline.so.8.1)
==2102==    by 0x10DBC5: read_line (shell_loop.c:20)
==2101==    by 0x4882CD4: readline (in /usr/lib/x86_64-linux-gnu/libreadline.so.8.1)
==2102==    by 0x10B925: get_command_line (shell_loop_utils.c:85)
==2101==    by 0x10DBC5: read_line (shell_loop.c:20)
==2101==    by 0x10B925: get_command_line (shell_loop_utils.c:85)
==2102==    by 0x10DDAC: shell_loop (shell_loop.c:94)
==2101==    by 0x10DDAC: shell_loop (shell_loop.c:94)
==2102==    by 0x10DEA8: main (main.c:23)
==2101==
==2102==
==2101== 192 bytes in 8 blocks are still reachable in loss record 36 of 82
==2102== 8,224 bytes in 2 blocks are still reachable in loss record 72 of 78
==2101==    at 0x4848899: malloc (in /usr/libexec/valgrind/vgpreload_memcheck-amd64-linux.so)
==2102==    at 0x4848899: malloc (in /usr/libexec/valgrind/vgpreload_memcheck-amd64-linux.so)
==2101==    by 0x489ABAC: xmalloc (in /usr/lib/x86_64-linux-gnu/libreadline.so.8.1)
==2102==    by 0x489ABAC: xmalloc (in /usr/lib/x86_64-linux-gnu/libreadline.so.8.1)
==2101==    by 0x4891B1D: alloc_history_entry (in /usr/lib/x86_64-linux-gnu/libreadline.so.8.1)
==2101==    by 0x4893F65: add_history (in /usr/lib/x86_64-linux-gnu/libreadline.so.8.1)
==2102==    by 0x4877251: rl_make_bare_keymap (in /usr/lib/x86_64-linux-gnu/libreadline.so.8.1)
==2101==    by 0x10DD3D: process_command_line (shell_loop.c:67)
==2101==    by 0x10DDD9: shell_loop (shell_loop.c:98)
==2102==    by 0x4877B6A: rl_generic_bind (in /usr/lib/x86_64-linux-gnu/libreadline.so.8.1)
==2101==    by 0x10DEA8: main (main.c:23)
==2101==
==2102==    by 0x488275D: rl_bind_keyseq_if_unbound_in_map (in /usr/lib/x86_64-linux-gnu/libreadline.so.8.1)
==2102==    by 0x488293D: ??? (in /usr/lib/x86_64-linux-gnu/libreadline.so.8.1)
==2102==    by 0x4882A93: rl_initialize (in /usr/lib/x86_64-linux-gnu/libreadline.so.8.1)
==2101== 256 bytes in 1 blocks are still reachable in loss record 37 of 82
==2102==    by 0x4882CD4: readline (in /usr/lib/x86_64-linux-gnu/libreadline.so.8.1)
==2101==    at 0x4848899: malloc (in /usr/libexec/valgrind/vgpreload_memcheck-amd64-linux.so)
==2102==    by 0x10DBC5: read_line (shell_loop.c:20)
==2101==    by 0x489ABAC: xmalloc (in /usr/lib/x86_64-linux-gnu/libreadline.so.8.1)
==2102==    by 0x10B925: get_command_line (shell_loop_utils.c:85)
==2101==    by 0x4882C86: rl_initialize (in /usr/lib/x86_64-linux-gnu/libreadline.so.8.1)
==2102==    by 0x10DDAC: shell_loop (shell_loop.c:94)
==2101==    by 0x4882CD4: readline (in /usr/lib/x86_64-linux-gnu/libreadline.so.8.1)
==2102==    by 0x10DEA8: main (main.c:23)
==2101==    by 0x10DBC5: read_line (shell_loop.c:20)
==2102==
==2101==    by 0x10B925: get_command_line (shell_loop_utils.c:85)
==2102== 8,224 bytes in 2 blocks are still reachable in loss record 73 of 78
==2101==    by 0x10DDAC: shell_loop (shell_loop.c:94)
==2102==    at 0x4848899: malloc (in /usr/libexec/valgrind/vgpreload_memcheck-amd64-linux.so)
==2101==    by 0x10DEA8: main (main.c:23)
==2102==    by 0x489ABAC: xmalloc (in /usr/lib/x86_64-linux-gnu/libreadline.so.8.1)
==2101==
==2102==    by 0x4877251: rl_make_bare_keymap (in /usr/lib/x86_64-linux-gnu/libreadline.so.8.1)
==2102==    by 0x4877B6A: rl_generic_bind (in /usr/lib/x86_64-linux-gnu/libreadline.so.8.1)
==2102==    by 0x488275D: rl_bind_keyseq_if_unbound_in_map (in /usr/lib/x86_64-linux-gnu/libreadline.so.8.1)
==2101== 512 bytes in 1 blocks are still reachable in loss record 38 of 82
==2102==    by 0x488293D: ??? (in /usr/lib/x86_64-linux-gnu/libreadline.so.8.1)
==2102==    by 0x4882AB8: rl_initialize (in /usr/lib/x86_64-linux-gnu/libreadline.so.8.1)
==2101==    at 0x4848899: malloc (in /usr/libexec/valgrind/vgpreload_memcheck-amd64-linux.so)
==2102==    by 0x4882CD4: readline (in /usr/lib/x86_64-linux-gnu/libreadline.so.8.1)
==2101==    by 0x110215: ft_calloc (in /mnt/c/users/Yuntian/Documents/42_minishell/minishell)
==2102==    by 0x10DBC5: read_line (shell_loop.c:20)
==2102==    by 0x10B925: get_command_line (shell_loop_utils.c:85)
==2101==    by 0x10BF65: create_new_cmd (cmd_utils.c:23)
==2102==    by 0x10DDAC: shell_loop (shell_loop.c:94)
==2102==    by 0x10DEA8: main (main.c:23)
==2102==
==2102== 8,224 bytes in 2 blocks are still reachable in loss record 74 of 78
==2101==    by 0x10C375: create_new_command (parse_tokens_utils.c:20)
==2101==    by 0x10BCA3: parse_tokens (loop_util1.c:94)
==2102==    at 0x4848899: malloc (in /usr/libexec/valgrind/vgpreload_memcheck-amd64-linux.so)
==2101==    by 0x10DDF0: shell_loop (shell_loop.c:101)
==2101==    by 0x10DEA8: main (main.c:23)
==2102==    by 0x489ABAC: xmalloc (in /usr/lib/x86_64-linux-gnu/libreadline.so.8.1)
==2102==    by 0x4877251: rl_make_bare_keymap (in /usr/lib/x86_64-linux-gnu/libreadline.so.8.1)
==2102==    by 0x4877B6A: rl_generic_bind (in /usr/lib/x86_64-linux-gnu/libreadline.so.8.1)
==2102==    by 0x488275D: rl_bind_keyseq_if_unbound_in_map (in /usr/lib/x86_64-linux-gnu/libreadline.so.8.1)
==2102==    by 0x4882AD2: rl_initialize (in /usr/lib/x86_64-linux-gnu/libreadline.so.8.1)
==2102==    by 0x4882CD4: readline (in /usr/lib/x86_64-linux-gnu/libreadline.so.8.1)
==2101==
==2102==    by 0x10DBC5: read_line (shell_loop.c:20)
==2102==    by 0x10B925: get_command_line (shell_loop_utils.c:85)
==2102==    by 0x10DDAC: shell_loop (shell_loop.c:94)
==2101== 608 bytes in 1 blocks are still reachable in loss record 39 of 82
==2102==    by 0x10DEA8: main (main.c:23)
==2102==
==2102== 8,224 bytes in 2 blocks are still reachable in loss record 75 of 78
==2101==    at 0x484DA83: calloc (in /usr/libexec/valgrind/vgpreload_memcheck-amd64-linux.so)
==2101==    by 0x4AF937E: _nc_read_termtype (in /usr/lib/x86_64-linux-gnu/libtinfo.so.6.3)
==2102==    at 0x4848899: malloc (in /usr/libexec/valgrind/vgpreload_memcheck-amd64-linux.so)
==2101==    by 0x4AF952A: ??? (in /usr/lib/x86_64-linux-gnu/libtinfo.so.6.3)
==2101==    by 0x4AFBC40: ??? (in /usr/lib/x86_64-linux-gnu/libtinfo.so.6.3)
==2102==    by 0x489ABAC: xmalloc (in /usr/lib/x86_64-linux-gnu/libreadline.so.8.1)
==2101==    by 0x4AF96BB: _nc_read_entry2 (in /usr/lib/x86_64-linux-gnu/libtinfo.so.6.3)
==2102==    by 0x4877251: rl_make_bare_keymap (in /usr/lib/x86_64-linux-gnu/libreadline.so.8.1)
==2101==    by 0x4AF9711: ??? (in /usr/lib/x86_64-linux-gnu/libtinfo.so.6.3)
==2102==    by 0x4877B6A: rl_generic_bind (in /usr/lib/x86_64-linux-gnu/libreadline.so.8.1)
==2102==    by 0x488275D: rl_bind_keyseq_if_unbound_in_map (in /usr/lib/x86_64-linux-gnu/libreadline.so.8.1)
==2102==    by 0x4882AE1: rl_initialize (in /usr/lib/x86_64-linux-gnu/libreadline.so.8.1)
==2101==    by 0x4AF9866: _nc_setupterm (in /usr/lib/x86_64-linux-gnu/libtinfo.so.6.3)
==2102==    by 0x4882CD4: readline (in /usr/lib/x86_64-linux-gnu/libreadline.so.8.1)
==2101==    by 0x4AFA4C9: tgetent_sp (in /usr/lib/x86_64-linux-gnu/libtinfo.so.6.3)
==2102==    by 0x10DBC5: read_line (shell_loop.c:20)
==2101==    by 0x48961CD: _rl_init_terminal_io (in /usr/lib/x86_64-linux-gnu/libreadline.so.8.1)
==2102==    by 0x10B925: get_command_line (shell_loop_utils.c:85)
==2102==    by 0x10DDAC: shell_loop (shell_loop.c:94)
==2102==    by 0x10DEA8: main (main.c:23)
==2102==
==2101==    by 0x4882A0F: rl_initialize (in /usr/lib/x86_64-linux-gnu/libreadline.so.8.1)
==2102== 12,336 bytes in 3 blocks are still reachable in loss record 76 of 78
==2101==    by 0x4882CD4: readline (in /usr/lib/x86_64-linux-gnu/libreadline.so.8.1)
==2102==    at 0x4848899: malloc (in /usr/libexec/valgrind/vgpreload_memcheck-amd64-linux.so)
==2101==    by 0x10DBC5: read_line (shell_loop.c:20)
==2102==    by 0x489ABAC: xmalloc (in /usr/lib/x86_64-linux-gnu/libreadline.so.8.1)
==2101==
==2102==    by 0x4877251: rl_make_bare_keymap (in /usr/lib/x86_64-linux-gnu/libreadline.so.8.1)
==2102==    by 0x4877B6A: rl_generic_bind (in /usr/lib/x86_64-linux-gnu/libreadline.so.8.1)
==2102==    by 0x488275D: rl_bind_keyseq_if_unbound_in_map (in /usr/lib/x86_64-linux-gnu/libreadline.so.8.1)
==2102==    by 0x4882914: ??? (in /usr/lib/x86_64-linux-gnu/libreadline.so.8.1)
==2101== 608 bytes in 1 blocks are still reachable in loss record 40 of 82
==2102==    by 0x4882A93: rl_initialize (in /usr/lib/x86_64-linux-gnu/libreadline.so.8.1)
==2101==    at 0x4848899: malloc (in /usr/libexec/valgrind/vgpreload_memcheck-amd64-linux.so)
==2102==    by 0x4882CD4: readline (in /usr/lib/x86_64-linux-gnu/libreadline.so.8.1)
==2102==    by 0x10DBC5: read_line (shell_loop.c:20)
==2101==    by 0x4AEE119: ??? (in /usr/lib/x86_64-linux-gnu/libtinfo.so.6.3)
==2102==    by 0x10B925: get_command_line (shell_loop_utils.c:85)
==2101==    by 0x4AF987D: _nc_setupterm (in /usr/lib/x86_64-linux-gnu/libtinfo.so.6.3)
==2102==    by 0x10DDAC: shell_loop (shell_loop.c:94)
==2101==    by 0x4AFA4C9: tgetent_sp (in /usr/lib/x86_64-linux-gnu/libtinfo.so.6.3)
==2102==    by 0x10DEA8: main (main.c:23)
==2101==    by 0x48961CD: _rl_init_terminal_io (in /usr/lib/x86_64-linux-gnu/libreadline.so.8.1)
==2102==
==2101==    by 0x4882A0F: rl_initialize (in /usr/lib/x86_64-linux-gnu/libreadline.so.8.1)
==2102== 12,336 bytes in 3 blocks are still reachable in loss record 77 of 78
==2102==    at 0x4848899: malloc (in /usr/libexec/valgrind/vgpreload_memcheck-amd64-linux.so)
==2101==    by 0x4882CD4: readline (in /usr/lib/x86_64-linux-gnu/libreadline.so.8.1)
==2102==    by 0x489ABAC: xmalloc (in /usr/lib/x86_64-linux-gnu/libreadline.so.8.1)
==2101==    by 0x10DBC5: read_line (shell_loop.c:20)
==2102==    by 0x4877251: rl_make_bare_keymap (in /usr/lib/x86_64-linux-gnu/libreadline.so.8.1)
==2101==    by 0x10B925: get_command_line (shell_loop_utils.c:85)
==2102==    by 0x4877B6A: rl_generic_bind (in /usr/lib/x86_64-linux-gnu/libreadline.so.8.1)
==2101==    by 0x10DDAC: shell_loop (shell_loop.c:94)
==2102==    by 0x488275D: rl_bind_keyseq_if_unbound_in_map (in /usr/lib/x86_64-linux-gnu/libreadline.so.8.1)
==2101==    by 0x10DEA8: main (main.c:23)
==2101==
==2102==    by 0x4882914: ??? (in /usr/lib/x86_64-linux-gnu/libreadline.so.8.1)
==2102==    by 0x4882AB8: rl_initialize (in /usr/lib/x86_64-linux-gnu/libreadline.so.8.1)
==2102==    by 0x4882CD4: readline (in /usr/lib/x86_64-linux-gnu/libreadline.so.8.1)
==2101== 760 bytes in 1 blocks are still reachable in loss record 41 of 82
==2102==    by 0x10DBC5: read_line (shell_loop.c:20)
==2102==    by 0x10B925: get_command_line (shell_loop_utils.c:85)
==2101==    at 0x484DA83: calloc (in /usr/libexec/valgrind/vgpreload_memcheck-amd64-linux.so)
==2102==    by 0x10DDAC: shell_loop (shell_loop.c:94)
