==378524==    by 0x4896A0F: rl_initialize (in /usr/lib/x86_64-linux-gnu/libreadline.so.8.1)
==378525==    by 0x404F4E: read_line (shell_loop.c:20)
==378524==    by 0x4896CD4: readline (in /usr/lib/x86_64-linux-gnu/libreadline.so.8.1)
==378525==    by 0x40285C: get_command_line (shell_loop_utils.c:85)
==378524==    by 0x404F4E: read_line (shell_loop.c:20)
==378525==    by 0x405154: shell_loop (shell_loop.c:193)
==378524==    by 0x40285C: get_command_line (shell_loop_utils.c:85)
==378525==    by 0x405236: main (main.c:23)
==378524==    by 0x405154: shell_loop (shell_loop.c:193)
==378525== 
==378524==    by 0x405236: main (main.c:23)
==378524== 
==378525== 512 bytes in 1 blocks are still reachable in loss record 29 of 70
==378524== 760 bytes in 1 blocks are still reachable in loss record 29 of 67
==378525==    at 0x4848899: malloc (in /usr/libexec/valgrind/vgpreload_memcheck-amd64-linux.so)
==378525==    by 0x407A75: ft_calloc (in /home/czhu/Mini/minishell)
==378524==    at 0x484DA83: calloc (in /usr/libexec/valgrind/vgpreload_memcheck-amd64-linux.so)
==378525==    by 0x402FC2: create_new_cmd (cmd_utils.c:24)
==378524==    by 0x4B1B819: _nc_setupterm (in /usr/lib/x86_64-linux-gnu/libtinfo.so.6.3)
==378525==    by 0x403390: create_new_command (parse_tokens_utils.c:20)
==378524==    by 0x4B1C4C9: tgetent_sp (in /usr/lib/x86_64-linux-gnu/libtinfo.so.6.3)
==378525==    by 0x402C1E: parse_tokens (loop_util1.c:96)
==378524==    by 0x48AA1CD: _rl_init_terminal_io (in /usr/lib/x86_64-linux-gnu/libreadline.so.8.1)
==378525==    by 0x405198: shell_loop (shell_loop.c:200)
==378524==    by 0x4896A0F: rl_initialize (in /usr/lib/x86_64-linux-gnu/libreadline.so.8.1)
==378525==    by 0x405236: main (main.c:23)
==378524==    by 0x4896CD4: readline (in /usr/lib/x86_64-linux-gnu/libreadline.so.8.1)
==378525== 
==378524==    by 0x404F4E: read_line (shell_loop.c:20)
==378524==    by 0x40285C: get_command_line (shell_loop_utils.c:85)
==378525== 608 bytes in 1 blocks are still reachable in loss record 30 of 70
==378524==    by 0x405154: shell_loop (shell_loop.c:193)
==378524==    by 0x405236: main (main.c:23)
==378525==    at 0x484DA83: calloc (in /usr/libexec/valgrind/vgpreload_memcheck-amd64-linux.so)
==378524== 
==378525==    by 0x4B1B37E: _nc_read_termtype (in /usr/lib/x86_64-linux-gnu/libtinfo.so.6.3)
==378525==    by 0x4B1B52A: ??? (in /usr/lib/x86_64-linux-gnu/libtinfo.so.6.3)
==378524== 940 bytes in 1 blocks are still reachable in loss record 30 of 67
==378525==    by 0x4B1DC40: ??? (in /usr/lib/x86_64-linux-gnu/libtinfo.so.6.3)
==378525==    by 0x4B1B6BB: _nc_read_entry2 (in /usr/lib/x86_64-linux-gnu/libtinfo.so.6.3)
==378524==    at 0x4848899: malloc (in /usr/libexec/valgrind/vgpreload_memcheck-amd64-linux.so)
==378525==    by 0x4B1B711: ??? (in /usr/lib/x86_64-linux-gnu/libtinfo.so.6.3)
==378524==    by 0x4B1B287: _nc_read_termtype (in /usr/lib/x86_64-linux-gnu/libtinfo.so.6.3)
==378525==    by 0x4B1B866: _nc_setupterm (in /usr/lib/x86_64-linux-gnu/libtinfo.so.6.3)
==378524==    by 0x4B1B52A: ??? (in /usr/lib/x86_64-linux-gnu/libtinfo.so.6.3)
==378525==    by 0x4B1C4C9: tgetent_sp (in /usr/lib/x86_64-linux-gnu/libtinfo.so.6.3)
==378524==    by 0x4B1DC40: ??? (in /usr/lib/x86_64-linux-gnu/libtinfo.so.6.3)
==378525==    by 0x48AA1CD: _rl_init_terminal_io (in /usr/lib/x86_64-linux-gnu/libreadline.so.8.1)
==378524==    by 0x4B1B6BB: _nc_read_entry2 (in /usr/lib/x86_64-linux-gnu/libtinfo.so.6.3)
==378525==    by 0x4896A0F: rl_initialize (in /usr/lib/x86_64-linux-gnu/libreadline.so.8.1)
==378524==    by 0x4B1B711: ??? (in /usr/lib/x86_64-linux-gnu/libtinfo.so.6.3)
==378525==    by 0x4896CD4: readline (in /usr/lib/x86_64-linux-gnu/libreadline.so.8.1)
==378524==    by 0x4B1B866: _nc_setupterm (in /usr/lib/x86_64-linux-gnu/libtinfo.so.6.3)
==378525==    by 0x404F4E: read_line (shell_loop.c:20)
==378524==    by 0x4B1C4C9: tgetent_sp (in /usr/lib/x86_64-linux-gnu/libtinfo.so.6.3)
==378525== 
==378524==    by 0x48AA1CD: _rl_init_terminal_io (in /usr/lib/x86_64-linux-gnu/libreadline.so.8.1)
==378524==    by 0x4896A0F: rl_initialize (in /usr/lib/x86_64-linux-gnu/libreadline.so.8.1)
==378525== 608 bytes in 1 blocks are still reachable in loss record 31 of 70
==378524==    by 0x4896CD4: readline (in /usr/lib/x86_64-linux-gnu/libreadline.so.8.1)
==378525==    at 0x4848899: malloc (in /usr/libexec/valgrind/vgpreload_memcheck-amd64-linux.so)
==378524==    by 0x404F4E: read_line (shell_loop.c:20)
==378524== 
==378525==    by 0x4B10119: ??? (in /usr/lib/x86_64-linux-gnu/libtinfo.so.6.3)
==378525==    by 0x4B1B87D: _nc_setupterm (in /usr/lib/x86_64-linux-gnu/libtinfo.so.6.3)
==378525==    by 0x4B1C4C9: tgetent_sp (in /usr/lib/x86_64-linux-gnu/libtinfo.so.6.3)
==378524== 1,024 bytes in 1 blocks are still reachable in loss record 31 of 67
==378525==    by 0x48AA1CD: _rl_init_terminal_io (in /usr/lib/x86_64-linux-gnu/libreadline.so.8.1)
==378524==    at 0x4848899: malloc (in /usr/libexec/valgrind/vgpreload_memcheck-amd64-linux.so)
==378525==    by 0x4896A0F: rl_initialize (in /usr/lib/x86_64-linux-gnu/libreadline.so.8.1)
==378524==    by 0x48AF4A7: xrealloc (in /usr/lib/x86_64-linux-gnu/libreadline.so.8.1)
==378525==    by 0x4896CD4: readline (in /usr/lib/x86_64-linux-gnu/libreadline.so.8.1)
==378524==    by 0x4898C7B: ??? (in /usr/lib/x86_64-linux-gnu/libreadline.so.8.1)
==378525==    by 0x404F4E: read_line (shell_loop.c:20)
==378524==    by 0x4898D67: ??? (in /usr/lib/x86_64-linux-gnu/libreadline.so.8.1)
==378525==    by 0x40285C: get_command_line (shell_loop_utils.c:85)
==378524==    by 0x48A1C7E: rl_redisplay (in /usr/lib/x86_64-linux-gnu/libreadline.so.8.1)
==378525==    by 0x405154: shell_loop (shell_loop.c:193)
==378525==    by 0x405236: main (main.c:23)
==378524==    by 0x488C458: readline_internal_setup (in /usr/lib/x86_64-linux-gnu/libreadline.so.8.1)
==378525== 
==378524==    by 0x4896CF8: readline (in /usr/lib/x86_64-linux-gnu/libreadline.so.8.1)
==378524==    by 0x404F4E: read_line (shell_loop.c:20)
==378525== 760 bytes in 1 blocks are still reachable in loss record 32 of 70
==378524==    by 0x40285C: get_command_line (shell_loop_utils.c:85)
==378525==    at 0x484DA83: calloc (in /usr/libexec/valgrind/vgpreload_memcheck-amd64-linux.so)
==378524==    by 0x405154: shell_loop (shell_loop.c:193)
==378524==    by 0x405236: main (main.c:23)
==378525==    by 0x4B1B819: _nc_setupterm (in /usr/lib/x86_64-linux-gnu/libtinfo.so.6.3)
==378524== 
==378525==    by 0x4B1C4C9: tgetent_sp (in /usr/lib/x86_64-linux-gnu/libtinfo.so.6.3)
==378525==    by 0x48AA1CD: _rl_init_terminal_io (in /usr/lib/x86_64-linux-gnu/libreadline.so.8.1)
==378525==    by 0x4896A0F: rl_initialize (in /usr/lib/x86_64-linux-gnu/libreadline.so.8.1)
==378524== 1,024 bytes in 1 blocks are still reachable in loss record 32 of 67
==378525==    by 0x4896CD4: readline (in /usr/lib/x86_64-linux-gnu/libreadline.so.8.1)
==378524==    at 0x4848899: malloc (in /usr/libexec/valgrind/vgpreload_memcheck-amd64-linux.so)
==378525==    by 0x404F4E: read_line (shell_loop.c:20)
==378524==    by 0x48AF4A7: xrealloc (in /usr/lib/x86_64-linux-gnu/libreadline.so.8.1)
==378525==    by 0x40285C: get_command_line (shell_loop_utils.c:85)
==378524==    by 0x4898C8B: ??? (in /usr/lib/x86_64-linux-gnu/libreadline.so.8.1)
==378525==    by 0x405154: shell_loop (shell_loop.c:193)
==378524==    by 0x4898D67: ??? (in /usr/lib/x86_64-linux-gnu/libreadline.so.8.1)
==378525==    by 0x405236: main (main.c:23)
==378524==    by 0x48A1C7E: rl_redisplay (in /usr/lib/x86_64-linux-gnu/libreadline.so.8.1)
==378525== 
==378524==    by 0x488C458: readline_internal_setup (in /usr/lib/x86_64-linux-gnu/libreadline.so.8.1)
==378524==    by 0x4896CF8: readline (in /usr/lib/x86_64-linux-gnu/libreadline.so.8.1)
==378525== 940 bytes in 1 blocks are still reachable in loss record 33 of 70
==378524==    by 0x404F4E: read_line (shell_loop.c:20)
==378525==    at 0x4848899: malloc (in /usr/libexec/valgrind/vgpreload_memcheck-amd64-linux.so)
==378524==    by 0x40285C: get_command_line (shell_loop_utils.c:85)
==378525==    by 0x4B1B287: _nc_read_termtype (in /usr/lib/x86_64-linux-gnu/libtinfo.so.6.3)
==378524==    by 0x405154: shell_loop (shell_loop.c:193)
==378525==    by 0x4B1B52A: ??? (in /usr/lib/x86_64-linux-gnu/libtinfo.so.6.3)
==378524==    by 0x405236: main (main.c:23)
==378524== 
==378525==    by 0x4B1DC40: ??? (in /usr/lib/x86_64-linux-gnu/libtinfo.so.6.3)
==378525==    by 0x4B1B6BB: _nc_read_entry2 (in /usr/lib/x86_64-linux-gnu/libtinfo.so.6.3)
==378525==    by 0x4B1B711: ??? (in /usr/lib/x86_64-linux-gnu/libtinfo.so.6.3)
==378524== 1,024 bytes in 1 blocks are still reachable in loss record 33 of 67
==378525==    by 0x4B1B866: _nc_setupterm (in /usr/lib/x86_64-linux-gnu/libtinfo.so.6.3)
==378524==    at 0x4848899: malloc (in /usr/libexec/valgrind/vgpreload_memcheck-amd64-linux.so)
==378525==    by 0x4B1C4C9: tgetent_sp (in /usr/lib/x86_64-linux-gnu/libtinfo.so.6.3)
==378524==    by 0x48AF4A7: xrealloc (in /usr/lib/x86_64-linux-gnu/libreadline.so.8.1)
==378525==    by 0x48AA1CD: _rl_init_terminal_io (in /usr/lib/x86_64-linux-gnu/libreadline.so.8.1)
==378524==    by 0x4898CA2: ??? (in /usr/lib/x86_64-linux-gnu/libreadline.so.8.1)
==378525==    by 0x4896A0F: rl_initialize (in /usr/lib/x86_64-linux-gnu/libreadline.so.8.1)
==378524==    by 0x4898D67: ??? (in /usr/lib/x86_64-linux-gnu/libreadline.so.8.1)
==378525==    by 0x4896CD4: readline (in /usr/lib/x86_64-linux-gnu/libreadline.so.8.1)
==378524==    by 0x48A1C7E: rl_redisplay (in /usr/lib/x86_64-linux-gnu/libreadline.so.8.1)
==378525==    by 0x404F4E: read_line (shell_loop.c:20)
==378525== 
==378524==    by 0x488C458: readline_internal_setup (in /usr/lib/x86_64-linux-gnu/libreadline.so.8.1)
==378524==    by 0x4896CF8: readline (in /usr/lib/x86_64-linux-gnu/libreadline.so.8.1)
==378524==    by 0x404F4E: read_line (shell_loop.c:20)
==378525== 1,024 bytes in 1 blocks are still reachable in loss record 34 of 70
==378524==    by 0x40285C: get_command_line (shell_loop_utils.c:85)
==378525==    at 0x4848899: malloc (in /usr/libexec/valgrind/vgpreload_memcheck-amd64-linux.so)
==378524==    by 0x405154: shell_loop (shell_loop.c:193)
==378525==    by 0x48AF4A7: xrealloc (in /usr/lib/x86_64-linux-gnu/libreadline.so.8.1)
==378524==    by 0x405236: main (main.c:23)
==378524== 
==378525==    by 0x4898C7B: ??? (in /usr/lib/x86_64-linux-gnu/libreadline.so.8.1)
==378525==    by 0x4898D67: ??? (in /usr/lib/x86_64-linux-gnu/libreadline.so.8.1)
==378524== 1,024 bytes in 1 blocks are still reachable in loss record 34 of 67
==378525==    by 0x48A1C7E: rl_redisplay (in /usr/lib/x86_64-linux-gnu/libreadline.so.8.1)
==378524==    at 0x4848899: malloc (in /usr/libexec/valgrind/vgpreload_memcheck-amd64-linux.so)
==378525==    by 0x488C458: readline_internal_setup (in /usr/lib/x86_64-linux-gnu/libreadline.so.8.1)
==378524==    by 0x48AF4A7: xrealloc (in /usr/lib/x86_64-linux-gnu/libreadline.so.8.1)
==378525==    by 0x4896CF8: readline (in /usr/lib/x86_64-linux-gnu/libreadline.so.8.1)
==378524==    by 0x4898CBB: ??? (in /usr/lib/x86_64-linux-gnu/libreadline.so.8.1)
==378525==    by 0x404F4E: read_line (shell_loop.c:20)
==378524==    by 0x4898D67: ??? (in /usr/lib/x86_64-linux-gnu/libreadline.so.8.1)
==378525==    by 0x40285C: get_command_line (shell_loop_utils.c:85)
==378524==    by 0x48A1C7E: rl_redisplay (in /usr/lib/x86_64-linux-gnu/libreadline.so.8.1)
==378525==    by 0x405154: shell_loop (shell_loop.c:193)
==378525==    by 0x405236: main (main.c:23)
==378524==    by 0x488C458: readline_internal_setup (in /usr/lib/x86_64-linux-gnu/libreadline.so.8.1)
==378525== 
==378524==    by 0x4896CF8: readline (in /usr/lib/x86_64-linux-gnu/libreadline.so.8.1)
==378524==    by 0x404F4E: read_line (shell_loop.c:20)
==378524==    by 0x40285C: get_command_line (shell_loop_utils.c:85)
==378525== 1,024 bytes in 1 blocks are still reachable in loss record 35 of 70
==378524==    by 0x405154: shell_loop (shell_loop.c:193)
==378525==    at 0x4848899: malloc (in /usr/libexec/valgrind/vgpreload_memcheck-amd64-linux.so)
==378524==    by 0x405236: main (main.c:23)
==378525==    by 0x48AF4A7: xrealloc (in /usr/lib/x86_64-linux-gnu/libreadline.so.8.1)
==378524== 
==378525==    by 0x4898C8B: ??? (in /usr/lib/x86_64-linux-gnu/libreadline.so.8.1)
==378525==    by 0x4898D67: ??? (in /usr/lib/x86_64-linux-gnu/libreadline.so.8.1)
==378524== 1,024 bytes in 1 blocks are still reachable in loss record 35 of 67
==378525==    by 0x48A1C7E: rl_redisplay (in /usr/lib/x86_64-linux-gnu/libreadline.so.8.1)
==378525==    by 0x488C458: readline_internal_setup (in /usr/lib/x86_64-linux-gnu/libreadline.so.8.1)
==378524==    at 0x4848899: malloc (in /usr/libexec/valgrind/vgpreload_memcheck-amd64-linux.so)
==378525==    by 0x4896CF8: readline (in /usr/lib/x86_64-linux-gnu/libreadline.so.8.1)
==378524==    by 0x48AEBAC: xmalloc (in /usr/lib/x86_64-linux-gnu/libreadline.so.8.1)
==378525==    by 0x404F4E: read_line (shell_loop.c:20)
==378524==    by 0x4898DC5: ??? (in /usr/lib/x86_64-linux-gnu/libreadline.so.8.1)
==378525==    by 0x40285C: get_command_line (shell_loop_utils.c:85)
==378524==    by 0x48A1C7E: rl_redisplay (in /usr/lib/x86_64-linux-gnu/libreadline.so.8.1)
==378525==    by 0x405154: shell_loop (shell_loop.c:193)
==378524==    by 0x488C458: readline_internal_setup (in /usr/lib/x86_64-linux-gnu/libreadline.so.8.1)
==378525==    by 0x405236: main (main.c:23)
==378524==    by 0x4896CF8: readline (in /usr/lib/x86_64-linux-gnu/libreadline.so.8.1)
==378525== 
==378524==    by 0x404F4E: read_line (shell_loop.c:20)
==378524==    by 0x40285C: get_command_line (shell_loop_utils.c:85)
==378525== 1,024 bytes in 1 blocks are still reachable in loss record 36 of 70
==378524==    by 0x405154: shell_loop (shell_loop.c:193)
==378525==    at 0x4848899: malloc (in /usr/libexec/valgrind/vgpreload_memcheck-amd64-linux.so)
==378524==    by 0x405236: main (main.c:23)
==378524== 
==378525==    by 0x48AF4A7: xrealloc (in /usr/lib/x86_64-linux-gnu/libreadline.so.8.1)
==378525==    by 0x4898CA2: ??? (in /usr/lib/x86_64-linux-gnu/libreadline.so.8.1)
==378525==    by 0x4898D67: ??? (in /usr/lib/x86_64-linux-gnu/libreadline.so.8.1)
==378524== 1,024 bytes in 1 blocks are still reachable in loss record 36 of 67
==378525==    by 0x48A1C7E: rl_redisplay (in /usr/lib/x86_64-linux-gnu/libreadline.so.8.1)
==378524==    at 0x4848899: malloc (in /usr/libexec/valgrind/vgpreload_memcheck-amd64-linux.so)
==378525==    by 0x488C458: readline_internal_setup (in /usr/lib/x86_64-linux-gnu/libreadline.so.8.1)
==378524==    by 0x48AEBAC: xmalloc (in /usr/lib/x86_64-linux-gnu/libreadline.so.8.1)
==378525==    by 0x4896CF8: readline (in /usr/lib/x86_64-linux-gnu/libreadline.so.8.1)
==378524==    by 0x4898DDA: ??? (in /usr/lib/x86_64-linux-gnu/libreadline.so.8.1)
==378525==    by 0x404F4E: read_line (shell_loop.c:20)
==378524==    by 0x48A1C7E: rl_redisplay (in /usr/lib/x86_64-linux-gnu/libreadline.so.8.1)
==378525==    by 0x40285C: get_command_line (shell_loop_utils.c:85)
==378524==    by 0x488C458: readline_internal_setup (in /usr/lib/x86_64-linux-gnu/libreadline.so.8.1)
==378525==    by 0x405154: shell_loop (shell_loop.c:193)
==378524==    by 0x4896CF8: readline (in /usr/lib/x86_64-linux-gnu/libreadline.so.8.1)
==378525==    by 0x405236: main (main.c:23)
==378524==    by 0x404F4E: read_line (shell_loop.c:20)
==378525== 
==378524==    by 0x40285C: get_command_line (shell_loop_utils.c:85)
==378524==    by 0x405154: shell_loop (shell_loop.c:193)
==378525== 1,024 bytes in 1 blocks are still reachable in loss record 37 of 70
==378524==    by 0x405236: main (main.c:23)
==378524== 
==378525==    at 0x4848899: malloc (in /usr/libexec/valgrind/vgpreload_memcheck-amd64-linux.so)
==378525==    by 0x48AF4A7: xrealloc (in /usr/lib/x86_64-linux-gnu/libreadline.so.8.1)
==378525==    by 0x4898CBB: ??? (in /usr/lib/x86_64-linux-gnu/libreadline.so.8.1)
==378524== 1,024 bytes in 1 blocks are still reachable in loss record 37 of 67
==378525==    by 0x4898D67: ??? (in /usr/lib/x86_64-linux-gnu/libreadline.so.8.1)
==378524==    at 0x4848899: malloc (in /usr/libexec/valgrind/vgpreload_memcheck-amd64-linux.so)
==378525==    by 0x48A1C7E: rl_redisplay (in /usr/lib/x86_64-linux-gnu/libreadline.so.8.1)
==378524==    by 0x48AEBAC: xmalloc (in /usr/lib/x86_64-linux-gnu/libreadline.so.8.1)
==378525==    by 0x488C458: readline_internal_setup (in /usr/lib/x86_64-linux-gnu/libreadline.so.8.1)
==378524==    by 0x4898DE8: ??? (in /usr/lib/x86_64-linux-gnu/libreadline.so.8.1)
==378525==    by 0x4896CF8: readline (in /usr/lib/x86_64-linux-gnu/libreadline.so.8.1)
==378524==    by 0x48A1C7E: rl_redisplay (in /usr/lib/x86_64-linux-gnu/libreadline.so.8.1)
==378525==    by 0x404F4E: read_line (shell_loop.c:20)
==378524==    by 0x488C458: readline_internal_setup (in /usr/lib/x86_64-linux-gnu/libreadline.so.8.1)
==378525==    by 0x40285C: get_command_line (shell_loop_utils.c:85)
==378524==    by 0x4896CF8: readline (in /usr/lib/x86_64-linux-gnu/libreadline.so.8.1)
==378525==    by 0x405154: shell_loop (shell_loop.c:193)
==378524==    by 0x404F4E: read_line (shell_loop.c:20)
==378525==    by 0x405236: main (main.c:23)
==378525== 
==378524==    by 0x40285C: get_command_line (shell_loop_utils.c:85)
==378524==    by 0x405154: shell_loop (shell_loop.c:193)
==378524==    by 0x405236: main (main.c:23)
==378525== 1,024 bytes in 1 blocks are still reachable in loss record 38 of 70
==378524== 
==378525==    at 0x4848899: malloc (in /usr/libexec/valgrind/vgpreload_memcheck-amd64-linux.so)
==378525==    by 0x48AEBAC: xmalloc (in /usr/lib/x86_64-linux-gnu/libreadline.so.8.1)
==378524== 1,024 bytes in 1 blocks are still reachable in loss record 38 of 67
==378525==    by 0x4898DC5: ??? (in /usr/lib/x86_64-linux-gnu/libreadline.so.8.1)
==378524==    at 0x4848899: malloc (in /usr/libexec/valgrind/vgpreload_memcheck-amd64-linux.so)
==378525==    by 0x48A1C7E: rl_redisplay (in /usr/lib/x86_64-linux-gnu/libreadline.so.8.1)
==378524==    by 0x48AEBAC: xmalloc (in /usr/lib/x86_64-linux-gnu/libreadline.so.8.1)
==378525==    by 0x488C458: readline_internal_setup (in /usr/lib/x86_64-linux-gnu/libreadline.so.8.1)
==378524==    by 0x4898DF6: ??? (in /usr/lib/x86_64-linux-gnu/libreadline.so.8.1)
==378525==    by 0x4896CF8: readline (in /usr/lib/x86_64-linux-gnu/libreadline.so.8.1)
==378524==    by 0x48A1C7E: rl_redisplay (in /usr/lib/x86_64-linux-gnu/libreadline.so.8.1)
==378525==    by 0x404F4E: read_line (shell_loop.c:20)
==378524==    by 0x488C458: readline_internal_setup (in /usr/lib/x86_64-linux-gnu/libreadline.so.8.1)
==378525==    by 0x40285C: get_command_line (shell_loop_utils.c:85)
==378524==    by 0x4896CF8: readline (in /usr/lib/x86_64-linux-gnu/libreadline.so.8.1)
==378525==    by 0x405154: shell_loop (shell_loop.c:193)
==378525==    by 0x405236: main (main.c:23)
==378524==    by 0x404F4E: read_line (shell_loop.c:20)
==378525== 
==378524==    by 0x40285C: get_command_line (shell_loop_utils.c:85)
==378524==    by 0x405154: shell_loop (shell_loop.c:193)
==378525== 1,024 bytes in 1 blocks are still reachable in loss record 39 of 70
==378524==    by 0x405236: main (main.c:23)
==378524== 
==378525==    at 0x4848899: malloc (in /usr/libexec/valgrind/vgpreload_memcheck-amd64-linux.so)
==378525==    by 0x48AEBAC: xmalloc (in /usr/lib/x86_64-linux-gnu/libreadline.so.8.1)
==378524== 1,536 bytes in 1 blocks are still reachable in loss record 39 of 67
==378525==    by 0x4898DDA: ??? (in /usr/lib/x86_64-linux-gnu/libreadline.so.8.1)
==378525==    by 0x48A1C7E: rl_redisplay (in /usr/lib/x86_64-linux-gnu/libreadline.so.8.1)
==378524==    at 0x484DCD3: realloc (in /usr/libexec/valgrind/vgpreload_memcheck-amd64-linux.so)
==378525==    by 0x488C458: readline_internal_setup (in /usr/lib/x86_64-linux-gnu/libreadline.so.8.1)
==378524==    by 0x48AF491: xrealloc (in /usr/lib/x86_64-linux-gnu/libreadline.so.8.1)
==378525==    by 0x4896CF8: readline (in /usr/lib/x86_64-linux-gnu/libreadline.so.8.1)
==378524==    by 0x488C877: rl_add_funmap_entry (in /usr/lib/x86_64-linux-gnu/libreadline.so.8.1)
==378525==    by 0x404F4E: read_line (shell_loop.c:20)
==378524==    by 0x488C8C8: rl_initialize_funmap (in /usr/lib/x86_64-linux-gnu/libreadline.so.8.1)
==378525==    by 0x40285C: get_command_line (shell_loop_utils.c:85)
==378524==    by 0x4896A2C: rl_initialize (in /usr/lib/x86_64-linux-gnu/libreadline.so.8.1)
==378525==    by 0x405154: shell_loop (shell_loop.c:193)
==378524==    by 0x4896CD4: readline (in /usr/lib/x86_64-linux-gnu/libreadline.so.8.1)
==378525==    by 0x405236: main (main.c:23)
==378525== 
==378524==    by 0x404F4E: read_line (shell_loop.c:20)
==378524==    by 0x40285C: get_command_line (shell_loop_utils.c:85)
==378524==    by 0x405154: shell_loop (shell_loop.c:193)
==378525== 1,024 bytes in 1 blocks are still reachable in loss record 40 of 70
==378524==    by 0x405236: main (main.c:23)
==378525==    at 0x4848899: malloc (in /usr/libexec/valgrind/vgpreload_memcheck-amd64-linux.so)
==378524== 
==378525==    by 0x48AEBAC: xmalloc (in /usr/lib/x86_64-linux-gnu/libreadline.so.8.1)
==378525==    by 0x4898DE8: ??? (in /usr/lib/x86_64-linux-gnu/libreadline.so.8.1)
==378524== 1,664 bytes in 1 blocks are still reachable in loss record 40 of 67
==378525==    by 0x48A1C7E: rl_redisplay (in /usr/lib/x86_64-linux-gnu/libreadline.so.8.1)
==378525==    by 0x488C458: readline_internal_setup (in /usr/lib/x86_64-linux-gnu/libreadline.so.8.1)
==378524==    at 0x4848899: malloc (in /usr/libexec/valgrind/vgpreload_memcheck-amd64-linux.so)
==378525==    by 0x4896CF8: readline (in /usr/lib/x86_64-linux-gnu/libreadline.so.8.1)
==378524==    by 0x4B1AACD: _nc_read_termtype (in /usr/lib/x86_64-linux-gnu/libtinfo.so.6.3)
==378525==    by 0x404F4E: read_line (shell_loop.c:20)
==378524==    by 0x4B1B52A: ??? (in /usr/lib/x86_64-linux-gnu/libtinfo.so.6.3)
==378525==    by 0x40285C: get_command_line (shell_loop_utils.c:85)
==378524==    by 0x4B1DC40: ??? (in /usr/lib/x86_64-linux-gnu/libtinfo.so.6.3)
==378525==    by 0x405154: shell_loop (shell_loop.c:193)
==378524==    by 0x4B1B6BB: _nc_read_entry2 (in /usr/lib/x86_64-linux-gnu/libtinfo.so.6.3)
==378525==    by 0x405236: main (main.c:23)
==378525== 
==378524==    by 0x4B1B711: ??? (in /usr/lib/x86_64-linux-gnu/libtinfo.so.6.3)
==378524==    by 0x4B1B866: _nc_setupterm (in /usr/lib/x86_64-linux-gnu/libtinfo.so.6.3)
==378524==    by 0x4B1C4C9: tgetent_sp (in /usr/lib/x86_64-linux-gnu/libtinfo.so.6.3)
==378525== 1,024 bytes in 1 blocks are still reachable in loss record 41 of 70
==378524==    by 0x48AA1CD: _rl_init_terminal_io (in /usr/lib/x86_64-linux-gnu/libreadline.so.8.1)
==378525==    at 0x4848899: malloc (in /usr/libexec/valgrind/vgpreload_memcheck-amd64-linux.so)
==378524==    by 0x4896A0F: rl_initialize (in /usr/lib/x86_64-linux-gnu/libreadline.so.8.1)
==378525==    by 0x48AEBAC: xmalloc (in /usr/lib/x86_64-linux-gnu/libreadline.so.8.1)
==378524==    by 0x4896CD4: readline (in /usr/lib/x86_64-linux-gnu/libreadline.so.8.1)
==378525==    by 0x4898DF6: ??? (in /usr/lib/x86_64-linux-gnu/libreadline.so.8.1)
==378524==    by 0x404F4E: read_line (shell_loop.c:20)
==378525==    by 0x48A1C7E: rl_redisplay (in /usr/lib/x86_64-linux-gnu/libreadline.so.8.1)
==378524== 
==378525==    by 0x488C458: readline_internal_setup (in /usr/lib/x86_64-linux-gnu/libreadline.so.8.1)
==378525==    by 0x4896CF8: readline (in /usr/lib/x86_64-linux-gnu/libreadline.so.8.1)
==378525==    by 0x404F4E: read_line (shell_loop.c:20)
==378524== 2,032 bytes in 1 blocks are still reachable in loss record 41 of 67
==378525==    by 0x40285C: get_command_line (shell_loop_utils.c:85)
==378524==    at 0x4848899: malloc (in /usr/libexec/valgrind/vgpreload_memcheck-amd64-linux.so)
==378525==    by 0x405154: shell_loop (shell_loop.c:193)
==378524==    by 0x48AEBAC: xmalloc (in /usr/lib/x86_64-linux-gnu/libreadline.so.8.1)
==378525==    by 0x405236: main (main.c:23)
==378525== 
==378524==    by 0x48AA419: _rl_init_terminal_io (in /usr/lib/x86_64-linux-gnu/libreadline.so.8.1)
==378524==    by 0x4896A0F: rl_initialize (in /usr/lib/x86_64-linux-gnu/libreadline.so.8.1)
==378524==    by 0x4896CD4: readline (in /usr/lib/x86_64-linux-gnu/libreadline.so.8.1)
==378525== 1,536 bytes in 1 blocks are still reachable in loss record 42 of 70
==378524==    by 0x404F4E: read_line (shell_loop.c:20)
==378525==    at 0x484DCD3: realloc (in /usr/libexec/valgrind/vgpreload_memcheck-amd64-linux.so)
==378524==    by 0x40285C: get_command_line (shell_loop_utils.c:85)
==378525==    by 0x48AF491: xrealloc (in /usr/lib/x86_64-linux-gnu/libreadline.so.8.1)
==378524==    by 0x405154: shell_loop (shell_loop.c:193)
==378525==    by 0x488C877: rl_add_funmap_entry (in /usr/lib/x86_64-linux-gnu/libreadline.so.8.1)
==378524==    by 0x405236: main (main.c:23)
==378525==    by 0x488C8C8: rl_initialize_funmap (in /usr/lib/x86_64-linux-gnu/libreadline.so.8.1)
==378524== 
==378525==    by 0x4896A2C: rl_initialize (in /usr/lib/x86_64-linux-gnu/libreadline.so.8.1)
==378525==    by 0x4896CD4: readline (in /usr/lib/x86_64-linux-gnu/libreadline.so.8.1)
==378524== 2,240 bytes in 140 blocks are still reachable in loss record 42 of 67
==378525==    by 0x404F4E: read_line (shell_loop.c:20)
==378524==    at 0x4848899: malloc (in /usr/libexec/valgrind/vgpreload_memcheck-amd64-linux.so)
==378525==    by 0x40285C: get_command_line (shell_loop_utils.c:85)
==378524==    by 0x48AEBAC: xmalloc (in /usr/lib/x86_64-linux-gnu/libreadline.so.8.1)
==378525==    by 0x405154: shell_loop (shell_loop.c:193)
==378525==    by 0x405236: main (main.c:23)
==378524==    by 0x488C822: rl_add_funmap_entry (in /usr/lib/x86_64-linux-gnu/libreadline.so.8.1)
==378525== 
==378524==    by 0x488C8C8: rl_initialize_funmap (in /usr/lib/x86_64-linux-gnu/libreadline.so.8.1)
==378524==    by 0x4896A2C: rl_initialize (in /usr/lib/x86_64-linux-gnu/libreadline.so.8.1)
==378525== 1,664 bytes in 1 blocks are still reachable in loss record 43 of 70
==378524==    by 0x4896CD4: readline (in /usr/lib/x86_64-linux-gnu/libreadline.so.8.1)
==378524==    by 0x404F4E: read_line (shell_loop.c:20)
==378524==    by 0x40285C: get_command_line (shell_loop_utils.c:85)
==378525==    at 0x4848899: malloc (in /usr/libexec/valgrind/vgpreload_memcheck-amd64-linux.so)
==378524==    by 0x405154: shell_loop (shell_loop.c:193)
==378525==    by 0x4B1AACD: _nc_read_termtype (in /usr/lib/x86_64-linux-gnu/libtinfo.so.6.3)
==378524==    by 0x405236: main (main.c:23)
==378525==    by 0x4B1B52A: ??? (in /usr/lib/x86_64-linux-gnu/libtinfo.so.6.3)
==378524== 
==378525==    by 0x4B1DC40: ??? (in /usr/lib/x86_64-linux-gnu/libtinfo.so.6.3)
==378525==    by 0x4B1B6BB: _nc_read_entry2 (in /usr/lib/x86_64-linux-gnu/libtinfo.so.6.3)
==378524== 3,904 bytes in 1 blocks are still reachable in loss record 43 of 67
==378525==    by 0x4B1B711: ??? (in /usr/lib/x86_64-linux-gnu/libtinfo.so.6.3)
==378525==    by 0x4B1B866: _nc_setupterm (in /usr/lib/x86_64-linux-gnu/libtinfo.so.6.3)
==378524==    at 0x484DCD3: realloc (in /usr/libexec/valgrind/vgpreload_memcheck-amd64-linux.so)
==378525==    by 0x4B1C4C9: tgetent_sp (in /usr/lib/x86_64-linux-gnu/libtinfo.so.6.3)
==378524==    by 0x4B106CC: _nc_doalloc (in /usr/lib/x86_64-linux-gnu/libtinfo.so.6.3)
==378525==    by 0x48AA1CD: _rl_init_terminal_io (in /usr/lib/x86_64-linux-gnu/libreadline.so.8.1)
==378524==    by 0x4B1B1B5: _nc_read_termtype (in /usr/lib/x86_64-linux-gnu/libtinfo.so.6.3)
==378525==    by 0x4896A0F: rl_initialize (in /usr/lib/x86_64-linux-gnu/libreadline.so.8.1)
==378524==    by 0x4B1B52A: ??? (in /usr/lib/x86_64-linux-gnu/libtinfo.so.6.3)
==378525==    by 0x4896CD4: readline (in /usr/lib/x86_64-linux-gnu/libreadline.so.8.1)
==378524==    by 0x4B1DC40: ??? (in /usr/lib/x86_64-linux-gnu/libtinfo.so.6.3)
==378525==    by 0x404F4E: read_line (shell_loop.c:20)
==378524==    by 0x4B1B6BB: _nc_read_entry2 (in /usr/lib/x86_64-linux-gnu/libtinfo.so.6.3)
==378525== 
==378524==    by 0x4B1B711: ??? (in /usr/lib/x86_64-linux-gnu/libtinfo.so.6.3)
==378524==    by 0x4B1B866: _nc_setupterm (in /usr/lib/x86_64-linux-gnu/libtinfo.so.6.3)
==378525== 2,032 bytes in 1 blocks are still reachable in loss record 44 of 70
==378524==    by 0x4B1C4C9: tgetent_sp (in /usr/lib/x86_64-linux-gnu/libtinfo.so.6.3)
==378525==    at 0x4848899: malloc (in /usr/libexec/valgrind/vgpreload_memcheck-amd64-linux.so)
==378524==    by 0x48AA1CD: _rl_init_terminal_io (in /usr/lib/x86_64-linux-gnu/libreadline.so.8.1)
==378525==    by 0x48AEBAC: xmalloc (in /usr/lib/x86_64-linux-gnu/libreadline.so.8.1)
==378524==    by 0x4896A0F: rl_initialize (in /usr/lib/x86_64-linux-gnu/libreadline.so.8.1)
==378525==    by 0x48AA419: _rl_init_terminal_io (in /usr/lib/x86_64-linux-gnu/libreadline.so.8.1)
==378524==    by 0x4896CD4: readline (in /usr/lib/x86_64-linux-gnu/libreadline.so.8.1)
==378524== 
==378525==    by 0x4896A0F: rl_initialize (in /usr/lib/x86_64-linux-gnu/libreadline.so.8.1)
==378525==    by 0x4896CD4: readline (in /usr/lib/x86_64-linux-gnu/libreadline.so.8.1)
==378525==    by 0x404F4E: read_line (shell_loop.c:20)
==378524== 3,904 bytes in 1 blocks are still reachable in loss record 44 of 67
==378525==    by 0x40285C: get_command_line (shell_loop_utils.c:85)
==378524==    at 0x4848899: malloc (in /usr/libexec/valgrind/vgpreload_memcheck-amd64-linux.so)
==378525==    by 0x405154: shell_loop (shell_loop.c:193)
==378524==    by 0x4B0FFFF: ??? (in /usr/lib/x86_64-linux-gnu/libtinfo.so.6.3)
==378525==    by 0x405236: main (main.c:23)
==378525== 
==378524==    by 0x4B1B87D: _nc_setupterm (in /usr/lib/x86_64-linux-gnu/libtinfo.so.6.3)
==378524==    by 0x4B1C4C9: tgetent_sp (in /usr/lib/x86_64-linux-gnu/libtinfo.so.6.3)
==378524==    by 0x48AA1CD: _rl_init_terminal_io (in /usr/lib/x86_64-linux-gnu/libreadline.so.8.1)
==378525== 2,240 bytes in 140 blocks are still reachable in loss record 45 of 70
==378524==    by 0x4896A0F: rl_initialize (in /usr/lib/x86_64-linux-gnu/libreadline.so.8.1)
==378525==    at 0x4848899: malloc (in /usr/libexec/valgrind/vgpreload_memcheck-amd64-linux.so)
==378524==    by 0x4896CD4: readline (in /usr/lib/x86_64-linux-gnu/libreadline.so.8.1)
==378525==    by 0x48AEBAC: xmalloc (in /usr/lib/x86_64-linux-gnu/libreadline.so.8.1)
==378524==    by 0x404F4E: read_line (shell_loop.c:20)
==378525==    by 0x488C822: rl_add_funmap_entry (in /usr/lib/x86_64-linux-gnu/libreadline.so.8.1)
==378524==    by 0x40285C: get_command_line (shell_loop_utils.c:85)
==378525==    by 0x488C8C8: rl_initialize_funmap (in /usr/lib/x86_64-linux-gnu/libreadline.so.8.1)
==378524==    by 0x405154: shell_loop (shell_loop.c:193)
==378525==    by 0x4896A2C: rl_initialize (in /usr/lib/x86_64-linux-gnu/libreadline.so.8.1)
==378524==    by 0x405236: main (main.c:23)
==378525==    by 0x4896CD4: readline (in /usr/lib/x86_64-linux-gnu/libreadline.so.8.1)
==378524== 
==378525==    by 0x404F4E: read_line (shell_loop.c:20)
==378525==    by 0x40285C: get_command_line (shell_loop_utils.c:85)
==378525==    by 0x405154: shell_loop (shell_loop.c:193)
==378524== 4,016 bytes in 1 blocks are still reachable in loss record 45 of 67
==378525==    by 0x405236: main (main.c:23)
==378525== 
==378524==    at 0x4848899: malloc (in /usr/libexec/valgrind/vgpreload_memcheck-amd64-linux.so)
==378524==    by 0x48AEBAC: xmalloc (in /usr/lib/x86_64-linux-gnu/libreadline.so.8.1)
==378525== 3,904 bytes in 1 blocks are still reachable in loss record 46 of 70
==378524==    by 0x48A7FD6: add_history (in /usr/lib/x86_64-linux-gnu/libreadline.so.8.1)
==378524==    by 0x4050DD: process_command_line (shell_loop.c:67)
==378525==    at 0x484DCD3: realloc (in /usr/libexec/valgrind/vgpreload_memcheck-amd64-linux.so)
==378524==    by 0x405180: shell_loop (shell_loop.c:197)
==378525==    by 0x4B106CC: _nc_doalloc (in /usr/lib/x86_64-linux-gnu/libtinfo.so.6.3)
==378524==    by 0x405236: main (main.c:23)
==378525==    by 0x4B1B1B5: _nc_read_termtype (in /usr/lib/x86_64-linux-gnu/libtinfo.so.6.3)
==378524== 
==378525==    by 0x4B1B52A: ??? (in /usr/lib/x86_64-linux-gnu/libtinfo.so.6.3)
==378525==    by 0x4B1DC40: ??? (in /usr/lib/x86_64-linux-gnu/libtinfo.so.6.3)
==378524== 4,080 bytes in 1 blocks are still reachable in loss record 46 of 67
==378525==    by 0x4B1B6BB: _nc_read_entry2 (in /usr/lib/x86_64-linux-gnu/libtinfo.so.6.3)
==378525==    by 0x4B1B711: ??? (in /usr/lib/x86_64-linux-gnu/libtinfo.so.6.3)
==378524==    at 0x4848899: malloc (in /usr/libexec/valgrind/vgpreload_memcheck-amd64-linux.so)
==378525==    by 0x4B1B866: _nc_setupterm (in /usr/lib/x86_64-linux-gnu/libtinfo.so.6.3)
==378524==    by 0x48AEBAC: xmalloc (in /usr/lib/x86_64-linux-gnu/libreadline.so.8.1)
==378525==    by 0x4B1C4C9: tgetent_sp (in /usr/lib/x86_64-linux-gnu/libtinfo.so.6.3)
==378524==    by 0x48AA3F9: _rl_init_terminal_io (in /usr/lib/x86_64-linux-gnu/libreadline.so.8.1)
==378525==    by 0x48AA1CD: _rl_init_terminal_io (in /usr/lib/x86_64-linux-gnu/libreadline.so.8.1)
==378524==    by 0x4896A0F: rl_initialize (in /usr/lib/x86_64-linux-gnu/libreadline.so.8.1)
==378525==    by 0x4896A0F: rl_initialize (in /usr/lib/x86_64-linux-gnu/libreadline.so.8.1)
==378524==    by 0x4896CD4: readline (in /usr/lib/x86_64-linux-gnu/libreadline.so.8.1)
==378525==    by 0x4896CD4: readline (in /usr/lib/x86_64-linux-gnu/libreadline.so.8.1)
==378524==    by 0x404F4E: read_line (shell_loop.c:20)
==378525== 
==378524==    by 0x40285C: get_command_line (shell_loop_utils.c:85)
==378524==    by 0x405154: shell_loop (shell_loop.c:193)
==378524==    by 0x405236: main (main.c:23)
==378525== 3,904 bytes in 1 blocks are still reachable in loss record 47 of 70
==378524== 
==378525==    at 0x4848899: malloc (in /usr/libexec/valgrind/vgpreload_memcheck-amd64-linux.so)
==378525==    by 0x4B0FFFF: ??? (in /usr/lib/x86_64-linux-gnu/libtinfo.so.6.3)
==378524== 4,112 bytes in 1 blocks are still reachable in loss record 47 of 67
==378525==    by 0x4B1B87D: _nc_setupterm (in /usr/lib/x86_64-linux-gnu/libtinfo.so.6.3)
==378525==    by 0x4B1C4C9: tgetent_sp (in /usr/lib/x86_64-linux-gnu/libtinfo.so.6.3)
==378524==    at 0x4848899: malloc (in /usr/libexec/valgrind/vgpreload_memcheck-amd64-linux.so)
==378525==    by 0x48AA1CD: _rl_init_terminal_io (in /usr/lib/x86_64-linux-gnu/libreadline.so.8.1)
==378524==    by 0x48AEBAC: xmalloc (in /usr/lib/x86_64-linux-gnu/libreadline.so.8.1)
==378525==    by 0x4896A0F: rl_initialize (in /usr/lib/x86_64-linux-gnu/libreadline.so.8.1)
==378524==    by 0x488B251: rl_make_bare_keymap (in /usr/lib/x86_64-linux-gnu/libreadline.so.8.1)
==378525==    by 0x4896CD4: readline (in /usr/lib/x86_64-linux-gnu/libreadline.so.8.1)
==378524==    by 0x488BB6A: rl_generic_bind (in /usr/lib/x86_64-linux-gnu/libreadline.so.8.1)
==378525==    by 0x404F4E: read_line (shell_loop.c:20)
==378524==    by 0x489675D: rl_bind_keyseq_if_unbound_in_map (in /usr/lib/x86_64-linux-gnu/libreadline.so.8.1)
==378525==    by 0x40285C: get_command_line (shell_loop_utils.c:85)
==378524==    by 0x48A9DD5: ??? (in /usr/lib/x86_64-linux-gnu/libreadline.so.8.1)
==378525==    by 0x405154: shell_loop (shell_loop.c:193)
==378525==    by 0x405236: main (main.c:23)
==378524==    by 0x48AA31F: _rl_init_terminal_io (in /usr/lib/x86_64-linux-gnu/libreadline.so.8.1)
==378525== 
==378524==    by 0x4896A0F: rl_initialize (in /usr/lib/x86_64-linux-gnu/libreadline.so.8.1)
==378524==    by 0x4896CD4: readline (in /usr/lib/x86_64-linux-gnu/libreadline.so.8.1)
==378525== 4,016 bytes in 1 blocks are still reachable in loss record 48 of 70
==378524==    by 0x404F4E: read_line (shell_loop.c:20)
==378524==    by 0x40285C: get_command_line (shell_loop_utils.c:85)
==378525==    at 0x4848899: malloc (in /usr/libexec/valgrind/vgpreload_memcheck-amd64-linux.so)
==378524==    by 0x405154: shell_loop (shell_loop.c:193)
==378525==    by 0x48AEBAC: xmalloc (in /usr/lib/x86_64-linux-gnu/libreadline.so.8.1)
==378524== 
==378525==    by 0x48A7FD6: add_history (in /usr/lib/x86_64-linux-gnu/libreadline.so.8.1)
==378525==    by 0x4050DD: process_command_line (shell_loop.c:67)
==378524== 4,112 bytes in 1 blocks are still reachable in loss record 48 of 67
==378525==    by 0x405180: shell_loop (shell_loop.c:197)
==378525==    by 0x405236: main (main.c:23)
==378524==    at 0x4848899: malloc (in /usr/libexec/valgrind/vgpreload_memcheck-amd64-linux.so)
==378525== 
==378524==    by 0x48AEBAC: xmalloc (in /usr/lib/x86_64-linux-gnu/libreadline.so.8.1)
==378524==    by 0x488B251: rl_make_bare_keymap (in /usr/lib/x86_64-linux-gnu/libreadline.so.8.1)
==378525== 4,080 bytes in 1 blocks are still reachable in loss record 49 of 70
==378524==    by 0x488BB6A: rl_generic_bind (in /usr/lib/x86_64-linux-gnu/libreadline.so.8.1)
==378525==    at 0x4848899: malloc (in /usr/libexec/valgrind/vgpreload_memcheck-amd64-linux.so)
==378524==    by 0x489675D: rl_bind_keyseq_if_unbound_in_map (in /usr/lib/x86_64-linux-gnu/libreadline.so.8.1)
==378525==    by 0x48AEBAC: xmalloc (in /usr/lib/x86_64-linux-gnu/libreadline.so.8.1)
==378524==    by 0x48A9E5A: ??? (in /usr/lib/x86_64-linux-gnu/libreadline.so.8.1)
==378525==    by 0x48AA3F9: _rl_init_terminal_io (in /usr/lib/x86_64-linux-gnu/libreadline.so.8.1)
==378524==    by 0x48AA31F: _rl_init_terminal_io (in /usr/lib/x86_64-linux-gnu/libreadline.so.8.1)
==378525==    by 0x4896A0F: rl_initialize (in /usr/lib/x86_64-linux-gnu/libreadline.so.8.1)
==378524==    by 0x4896A0F: rl_initialize (in /usr/lib/x86_64-linux-gnu/libreadline.so.8.1)
==378525==    by 0x4896CD4: readline (in /usr/lib/x86_64-linux-gnu/libreadline.so.8.1)
==378524==    by 0x4896CD4: readline (in /usr/lib/x86_64-linux-gnu/libreadline.so.8.1)
==378525==    by 0x404F4E: read_line (shell_loop.c:20)
==378524==    by 0x404F4E: read_line (shell_loop.c:20)
==378525==    by 0x40285C: get_command_line (shell_loop_utils.c:85)
==378524==    by 0x40285C: get_command_line (shell_loop_utils.c:85)
==378525==    by 0x405154: shell_loop (shell_loop.c:193)
==378524==    by 0x405154: shell_loop (shell_loop.c:193)
==378525==    by 0x405236: main (main.c:23)
==378524== 
==378525== 
==378524== 4,112 bytes in 1 blocks are still reachable in loss record 49 of 67
==378525== 4,112 bytes in 1 blocks are still reachable in loss record 50 of 70
==378524==    at 0x4848899: malloc (in /usr/libexec/valgrind/vgpreload_memcheck-amd64-linux.so)
==378525==    at 0x4848899: malloc (in /usr/libexec/valgrind/vgpreload_memcheck-amd64-linux.so)
==378524==    by 0x48AEBAC: xmalloc (in /usr/lib/x86_64-linux-gnu/libreadline.so.8.1)
==378525==    by 0x48AEBAC: xmalloc (in /usr/lib/x86_64-linux-gnu/libreadline.so.8.1)
==378524==    by 0x488B251: rl_make_bare_keymap (in /usr/lib/x86_64-linux-gnu/libreadline.so.8.1)
==378525==    by 0x488B251: rl_make_bare_keymap (in /usr/lib/x86_64-linux-gnu/libreadline.so.8.1)
==378524==    by 0x488BB6A: rl_generic_bind (in /usr/lib/x86_64-linux-gnu/libreadline.so.8.1)
==378525==    by 0x488BB6A: rl_generic_bind (in /usr/lib/x86_64-linux-gnu/libreadline.so.8.1)
==378525==    by 0x489675D: rl_bind_keyseq_if_unbound_in_map (in /usr/lib/x86_64-linux-gnu/libreadline.so.8.1)
==378525==    by 0x48A9DD5: ??? (in /usr/lib/x86_64-linux-gnu/libreadline.so.8.1)
==378525==    by 0x48AA31F: _rl_init_terminal_io (in /usr/lib/x86_64-linux-gnu/libreadline.so.8.1)
==378524==    by 0x489675D: rl_bind_keyseq_if_unbound_in_map (in /usr/lib/x86_64-linux-gnu/libreadline.so.8.1)
==378525==    by 0x4896A0F: rl_initialize (in /usr/lib/x86_64-linux-gnu/libreadline.so.8.1)
==378525==    by 0x4896CD4: readline (in /usr/lib/x86_64-linux-gnu/libreadline.so.8.1)
==378525==    by 0x404F4E: read_line (shell_loop.c:20)
==378524==    by 0x48A9E5A: ??? (in /usr/lib/x86_64-linux-gnu/libreadline.so.8.1)
==378525==    by 0x40285C: get_command_line (shell_loop_utils.c:85)
==378524==    by 0x48AA32B: _rl_init_terminal_io (in /usr/lib/x86_64-linux-gnu/libreadline.so.8.1)
==378525==    by 0x405154: shell_loop (shell_loop.c:193)
==378525== 
==378524==    by 0x4896A0F: rl_initialize (in /usr/lib/x86_64-linux-gnu/libreadline.so.8.1)
==378524==    by 0x4896CD4: readline (in /usr/lib/x86_64-linux-gnu/libreadline.so.8.1)
==378524==    by 0x404F4E: read_line (shell_loop.c:20)
==378524==    by 0x40285C: get_command_line (shell_loop_utils.c:85)
==378524==    by 0x405154: shell_loop (shell_loop.c:193)
==378525== 4,112 bytes in 1 blocks are still reachable in loss record 51 of 70
==378524== 
==378525==    at 0x4848899: malloc (in /usr/libexec/valgrind/vgpreload_memcheck-amd64-linux.so)
==378525==    by 0x48AEBAC: xmalloc (in /usr/lib/x86_64-linux-gnu/libreadline.so.8.1)
==378525==    by 0x488B251: rl_make_bare_keymap (in /usr/lib/x86_64-linux-gnu/libreadline.so.8.1)
==378525==    by 0x488BB6A: rl_generic_bind (in /usr/lib/x86_64-linux-gnu/libreadline.so.8.1)
==378524== 4,112 bytes in 1 blocks are still reachable in loss record 50 of 67
==378525==    by 0x489675D: rl_bind_keyseq_if_unbound_in_map (in /usr/lib/x86_64-linux-gnu/libreadline.so.8.1)
==378525==    by 0x48A9E5A: ??? (in /usr/lib/x86_64-linux-gnu/libreadline.so.8.1)
==378524==    at 0x4848899: malloc (in /usr/libexec/valgrind/vgpreload_memcheck-amd64-linux.so)
==378525==    by 0x48AA31F: _rl_init_terminal_io (in /usr/lib/x86_64-linux-gnu/libreadline.so.8.1)
==378524==    by 0x48AEBAC: xmalloc (in /usr/lib/x86_64-linux-gnu/libreadline.so.8.1)
==378525==    by 0x4896A0F: rl_initialize (in /usr/lib/x86_64-linux-gnu/libreadline.so.8.1)
==378524==    by 0x488B251: rl_make_bare_keymap (in /usr/lib/x86_64-linux-gnu/libreadline.so.8.1)
==378525==    by 0x4896CD4: readline (in /usr/lib/x86_64-linux-gnu/libreadline.so.8.1)
==378524==    by 0x488BB6A: rl_generic_bind (in /usr/lib/x86_64-linux-gnu/libreadline.so.8.1)
==378525==    by 0x404F4E: read_line (shell_loop.c:20)
==378524==    by 0x489675D: rl_bind_keyseq_if_unbound_in_map (in /usr/lib/x86_64-linux-gnu/libreadline.so.8.1)
==378525==    by 0x40285C: get_command_line (shell_loop_utils.c:85)
==378524==    by 0x48A9E5A: ??? (in /usr/lib/x86_64-linux-gnu/libreadline.so.8.1)
==378525==    by 0x405154: shell_loop (shell_loop.c:193)
==378524==    by 0x48AA337: _rl_init_terminal_io (in /usr/lib/x86_64-linux-gnu/libreadline.so.8.1)
==378525== 
==378524==    by 0x4896A0F: rl_initialize (in /usr/lib/x86_64-linux-gnu/libreadline.so.8.1)
==378524==    by 0x4896CD4: readline (in /usr/lib/x86_64-linux-gnu/libreadline.so.8.1)
==378524==    by 0x404F4E: read_line (shell_loop.c:20)
==378525== 4,112 bytes in 1 blocks are still reachable in loss record 52 of 70
==378524==    by 0x40285C: get_command_line (shell_loop_utils.c:85)
==378524==    by 0x405154: shell_loop (shell_loop.c:193)
==378525==    at 0x4848899: malloc (in /usr/libexec/valgrind/vgpreload_memcheck-amd64-linux.so)
==378524== 
==378525==    by 0x48AEBAC: xmalloc (in /usr/lib/x86_64-linux-gnu/libreadline.so.8.1)
==378525==    by 0x488B251: rl_make_bare_keymap (in /usr/lib/x86_64-linux-gnu/libreadline.so.8.1)
==378525==    by 0x488BB6A: rl_generic_bind (in /usr/lib/x86_64-linux-gnu/libreadline.so.8.1)
==378524== 4,112 bytes in 1 blocks are still reachable in loss record 51 of 67
==378525==    by 0x489675D: rl_bind_keyseq_if_unbound_in_map (in /usr/lib/x86_64-linux-gnu/libreadline.so.8.1)
==378524==    at 0x4848899: malloc (in /usr/libexec/valgrind/vgpreload_memcheck-amd64-linux.so)
==378525==    by 0x48A9E5A: ??? (in /usr/lib/x86_64-linux-gnu/libreadline.so.8.1)
==378524==    by 0x48AEBAC: xmalloc (in /usr/lib/x86_64-linux-gnu/libreadline.so.8.1)
==378524==    by 0x488B251: rl_make_bare_keymap (in /usr/lib/x86_64-linux-gnu/libreadline.so.8.1)
==378524==    by 0x488BB6A: rl_generic_bind (in /usr/lib/x86_64-linux-gnu/libreadline.so.8.1)
==378524==    by 0x489675D: rl_bind_keyseq_if_unbound_in_map (in /usr/lib/x86_64-linux-gnu/libreadline.so.8.1)
==378524==    by 0x489694C: ??? (in /usr/lib/x86_64-linux-gnu/libreadline.so.8.1)
==378524==    by 0x4896A84: rl_initialize (in /usr/lib/x86_64-linux-gnu/libreadline.so.8.1)
==378524==    by 0x4896CD4: readline (in /usr/lib/x86_64-linux-gnu/libreadline.so.8.1)
==378524==    by 0x404F4E: read_line (shell_loop.c:20)
==378524==    by 0x40285C: get_command_line (shell_loop_utils.c:85)
==378524==    by 0x405154: shell_loop (shell_loop.c:193)
==378524==    by 0x405236: main (main.c:23)
==378524== 
==378524== 4,112 bytes in 1 blocks are still reachable in loss record 52 of 67
==378524==    at 0x4848899: malloc (in /usr/libexec/valgrind/vgpreload_memcheck-amd64-linux.so)
==378524==    by 0x48AEBAC: xmalloc (in /usr/lib/x86_64-linux-gnu/libreadline.so.8.1)
==378524==    by 0x488B251: rl_make_bare_keymap (in /usr/lib/x86_64-linux-gnu/libreadline.so.8.1)
==378524==    by 0x488BB6A: rl_generic_bind (in /usr/lib/x86_64-linux-gnu/libreadline.so.8.1)
==378524==    by 0x489675D: rl_bind_keyseq_if_unbound_in_map (in /usr/lib/x86_64-linux-gnu/libreadline.so.8.1)
==378524==    by 0x489694C: ??? (in /usr/lib/x86_64-linux-gnu/libreadline.so.8.1)
==378524==    by 0x4896A93: rl_initialize (in /usr/lib/x86_64-linux-gnu/libreadline.so.8.1)
==378524==    by 0x4896CD4: readline (in /usr/lib/x86_64-linux-gnu/libreadline.so.8.1)
==378524==    by 0x404F4E: read_line (shell_loop.c:20)
==378524==    by 0x40285C: get_command_line (shell_loop_utils.c:85)
==378524==    by 0x405154: shell_loop (shell_loop.c:193)
==378524==    by 0x405236: main (main.c:23)
==378524== 
==378524== 4,112 bytes in 1 blocks are still reachable in loss record 53 of 67
==378524==    at 0x4848899: malloc (in /usr/libexec/valgrind/vgpreload_memcheck-amd64-linux.so)
==378524==    by 0x48AEBAC: xmalloc (in /usr/lib/x86_64-linux-gnu/libreadline.so.8.1)
==378524==    by 0x488B251: rl_make_bare_keymap (in /usr/lib/x86_64-linux-gnu/libreadline.so.8.1)
==378524==    by 0x488BB6A: rl_generic_bind (in /usr/lib/x86_64-linux-gnu/libreadline.so.8.1)
==378524==    by 0x489675D: rl_bind_keyseq_if_unbound_in_map (in /usr/lib/x86_64-linux-gnu/libreadline.so.8.1)
==378524==    by 0x489694C: ??? (in /usr/lib/x86_64-linux-gnu/libreadline.so.8.1)
==378524==    by 0x4896AB8: rl_initialize (in /usr/lib/x86_64-linux-gnu/libreadline.so.8.1)
==378524==    by 0x4896CD4: readline (in /usr/lib/x86_64-linux-gnu/libreadline.so.8.1)
==378524==    by 0x404F4E: read_line (shell_loop.c:20)
==378524==    by 0x40285C: get_command_line (shell_loop_utils.c:85)
==378524==    by 0x405154: shell_loop (shell_loop.c:193)
==378524==    by 0x405236: main (main.c:23)
==378524== 
==378524== 7,952 bytes in 1 blocks are still reachable in loss record 54 of 67
==378524==    at 0x484DA83: calloc (in /usr/libexec/valgrind/vgpreload_memcheck-amd64-linux.so)
==378524==    by 0x4B0EC97: ??? (in /usr/lib/x86_64-linux-gnu/libtinfo.so.6.3)
==378524==    by 0x4B103AF: _nc_find_type_entry (in /usr/lib/x86_64-linux-gnu/libtinfo.so.6.3)
==378524==    by 0x4B12E4C: tgetstr_sp (in /usr/lib/x86_64-linux-gnu/libtinfo.so.6.3)
==378524==    by 0x48AA21A: _rl_init_terminal_io (in /usr/lib/x86_64-linux-gnu/libreadline.so.8.1)
==378524==    by 0x4896A0F: rl_initialize (in /usr/lib/x86_64-linux-gnu/libreadline.so.8.1)
==378524==    by 0x4896CD4: readline (in /usr/lib/x86_64-linux-gnu/libreadline.so.8.1)
==378524==    by 0x404F4E: read_line (shell_loop.c:20)
==378524==    by 0x40285C: get_command_line (shell_loop_utils.c:85)
==378524==    by 0x405154: shell_loop (shell_loop.c:193)
==378524==    by 0x405236: main (main.c:23)
==378524== 
==378524== 8,224 bytes in 2 blocks are still reachable in loss record 55 of 67
==378524==    at 0x4848899: malloc (in /usr/libexec/valgrind/vgpreload_memcheck-amd64-linux.so)
==378524==    by 0x48AEBAC: xmalloc (in /usr/lib/x86_64-linux-gnu/libreadline.so.8.1)
==378524==    by 0x488B251: rl_make_bare_keymap (in /usr/lib/x86_64-linux-gnu/libreadline.so.8.1)
==378524==    by 0x488BB6A: rl_generic_bind (in /usr/lib/x86_64-linux-gnu/libreadline.so.8.1)
==378524==    by 0x489675D: rl_bind_keyseq_if_unbound_in_map (in /usr/lib/x86_64-linux-gnu/libreadline.so.8.1)
==378524==    by 0x48A9E47: ??? (in /usr/lib/x86_64-linux-gnu/libreadline.so.8.1)
==378524==    by 0x48AA31F: _rl_init_terminal_io (in /usr/lib/x86_64-linux-gnu/libreadline.so.8.1)
==378524==    by 0x4896A0F: rl_initialize (in /usr/lib/x86_64-linux-gnu/libreadline.so.8.1)
==378524==    by 0x4896CD4: readline (in /usr/lib/x86_64-linux-gnu/libreadline.so.8.1)
==378524==    by 0x404F4E: read_line (shell_loop.c:20)
==378524==    by 0x40285C: get_command_line (shell_loop_utils.c:85)
==378524==    by 0x405154: shell_loop (shell_loop.c:193)
==378524== 
==378524== 8,224 bytes in 2 blocks are still reachable in loss record 56 of 67
==378524==    at 0x4848899: malloc (in /usr/libexec/valgrind/vgpreload_memcheck-amd64-linux.so)
==378524==    by 0x48AEBAC: xmalloc (in /usr/lib/x86_64-linux-gnu/libreadline.so.8.1)
==378524==    by 0x488B251: rl_make_bare_keymap (in /usr/lib/x86_64-linux-gnu/libreadline.so.8.1)
==378524==    by 0x488BB6A: rl_generic_bind (in /usr/lib/x86_64-linux-gnu/libreadline.so.8.1)
==378524==    by 0x489675D: rl_bind_keyseq_if_unbound_in_map (in /usr/lib/x86_64-linux-gnu/libreadline.so.8.1)
==378524==    by 0x48A9DD5: ??? (in /usr/lib/x86_64-linux-gnu/libreadline.so.8.1)
==378524==    by 0x48AA32B: _rl_init_terminal_io (in /usr/lib/x86_64-linux-gnu/libreadline.so.8.1)
==378524==    by 0x4896A0F: rl_initialize (in /usr/lib/x86_64-linux-gnu/libreadline.so.8.1)
==378524==    by 0x4896CD4: readline (in /usr/lib/x86_64-linux-gnu/libreadline.so.8.1)
==378524==    by 0x404F4E: read_line (shell_loop.c:20)
==378524==    by 0x40285C: get_command_line (shell_loop_utils.c:85)
==378524==    by 0x405154: shell_loop (shell_loop.c:193)
==378524== 
==378524== 8,224 bytes in 2 blocks are still reachable in loss record 57 of 67
==378524==    at 0x4848899: malloc (in /usr/libexec/valgrind/vgpreload_memcheck-amd64-linux.so)
==378524==    by 0x48AEBAC: xmalloc (in /usr/lib/x86_64-linux-gnu/libreadline.so.8.1)
==378524==    by 0x488B251: rl_make_bare_keymap (in /usr/lib/x86_64-linux-gnu/libreadline.so.8.1)
==378524==    by 0x488BB6A: rl_generic_bind (in /usr/lib/x86_64-linux-gnu/libreadline.so.8.1)
==378524==    by 0x489675D: rl_bind_keyseq_if_unbound_in_map (in /usr/lib/x86_64-linux-gnu/libreadline.so.8.1)
